[laravel.spruko.com/dashfox/ltr/index.html]
[backblue.gif]
[fade.gif]
[index.html]
[laravel.spruko.com/dashfox/ltr/assets/img/brand/favicon.png]
[laravel.spruko.com/dashfox/ltr/assets/switcher/images/themes/1.jpg]
[laravel.spruko.com/dashfox/ltr/assets/switcher/images/themes/2.jpg]
[laravel.spruko.com/dashfox/ltr/vertical.html]
[laravel.spruko.com/dashfox/ltr/assets/switcher/images/themes/3.jpg]
[laravel.spruko.com/dashfox/ltr/horizontal.html]
[laravel.spruko.com/dashfox/ltr/assets/img/brand/logo.png]
[laravel.spruko.com/dashfox/ltr/assets/img/brand/logo2.png]
[laravel.spruko.com/dashfox/ltr/assets/img/brand/logo3.png]
[laravel.spruko.com/dashfox/ltr/assets/img/brand/logo4.png]
[laravel.spruko.com/dashfox/ltr/assets/img/brand/logo5.png]
[laravel.spruko.com/dashfox/ltr/assets/img/brand/logo6.png]
[laravel.spruko.com/dashfox/ltr/assets/img/brand/logo-white.png]
[laravel.spruko.com/dashfox/ltr/widgets.html]
[laravel.spruko.com/dashfox/ltr/mail-inbox.html]
[laravel.spruko.com/dashfox/ltr/mail-compose.html]
[laravel.spruko.com/dashfox/ltr/mail-read.html]
[laravel.spruko.com/dashfox/ltr/mail-settings.html]
[laravel.spruko.com/dashfox/ltr/chat.html]
[laravel.spruko.com/dashfox/ltr/cards.html]
[laravel.spruko.com/dashfox/ltr/darggablecards.html]
[laravel.spruko.com/dashfox/ltr/rangeslider.html]
[laravel.spruko.com/dashfox/ltr/calendar.html]
[laravel.spruko.com/dashfox/ltr/contacts.html]
[laravel.spruko.com/dashfox/ltr/image-compare.html]
[laravel.spruko.com/dashfox/ltr/notification.html]
[laravel.spruko.com/dashfox/ltr/widget-notification.html]
[laravel.spruko.com/dashfox/ltr/treeview.html]
[laravel.spruko.com/dashfox/ltr/map-leaflet.html]
[laravel.spruko.com/dashfox/ltr/map-vector.html]
[laravel.spruko.com/dashfox/ltr/table-basic.html]
[laravel.spruko.com/dashfox/ltr/table-data.html]
[laravel.spruko.com/dashfox/ltr/alerts.html]
[laravel.spruko.com/dashfox/ltr/avatar.html]
[laravel.spruko.com/dashfox/ltr/breadcrumbs.html]
[laravel.spruko.com/dashfox/ltr/buttons.html]
[laravel.spruko.com/dashfox/ltr/badge.html]
[laravel.spruko.com/dashfox/ltr/dropdown.html]
[laravel.spruko.com/dashfox/ltr/thumbnails.html]
[laravel.spruko.com/dashfox/ltr/list-group.html]
[laravel.spruko.com/dashfox/ltr/navigation.html]
[laravel.spruko.com/dashfox/ltr/pagination.html]
[laravel.spruko.com/dashfox/ltr/popover.html]
[laravel.spruko.com/dashfox/ltr/progress.html]
[laravel.spruko.com/dashfox/ltr/spinners.html]
[laravel.spruko.com/dashfox/ltr/media-object.html]
[laravel.spruko.com/dashfox/ltr/typography.html]
[laravel.spruko.com/dashfox/ltr/tooltip.html]
[laravel.spruko.com/dashfox/ltr/toast.html]
[laravel.spruko.com/dashfox/ltr/tags.html]
[laravel.spruko.com/dashfox/ltr/tabs.html]
[laravel.spruko.com/dashfox/ltr/accordion.html]
[laravel.spruko.com/dashfox/ltr/carousel.html]
[laravel.spruko.com/dashfox/ltr/collapse.html]
[laravel.spruko.com/dashfox/ltr/modals.html]
[laravel.spruko.com/dashfox/ltr/timeline.html]
[laravel.spruko.com/dashfox/ltr/sweet-alert.html]
[laravel.spruko.com/dashfox/ltr/rating.html]
[laravel.spruko.com/dashfox/ltr/counters.html]
[laravel.spruko.com/dashfox/ltr/search.html]
[laravel.spruko.com/dashfox/ltr/userlist.html]
[laravel.spruko.com/dashfox/ltr/form-elements.html]
[laravel.spruko.com/dashfox/ltr/form-advanced.html]
[laravel.spruko.com/dashfox/ltr/form-layouts.html]
[laravel.spruko.com/dashfox/ltr/form-validation.html]
[laravel.spruko.com/dashfox/ltr/form-wizards.html]
[laravel.spruko.com/dashfox/ltr/form-editor.html]
[laravel.spruko.com/dashfox/ltr/form-elements-sizes.html]
[laravel.spruko.com/dashfox/ltr/form-inputmask.html]
[laravel.spruko.com/dashfox/ltr/form-upload.html]
[laravel.spruko.com/dashfox/ltr/chart-morris.html]
[laravel.spruko.com/dashfox/ltr/chart-flot.html]
[laravel.spruko.com/dashfox/ltr/chart-chartjs.html]
[laravel.spruko.com/dashfox/ltr/chart-echart.html]
[laravel.spruko.com/dashfox/ltr/chart-sparkline.html]
[laravel.spruko.com/dashfox/ltr/chart-peity.html]
[laravel.spruko.com/dashfox/ltr/profile.html]
[laravel.spruko.com/dashfox/ltr/editprofile.html]
[laravel.spruko.com/dashfox/ltr/invoice.html]
[laravel.spruko.com/dashfox/ltr/pricing.html]
[laravel.spruko.com/dashfox/ltr/gallery.html]
[laravel.spruko.com/dashfox/ltr/todotask.html]
[laravel.spruko.com/dashfox/ltr/faq.html]
[laravel.spruko.com/dashfox/ltr/emptypage.html]
[laravel.spruko.com/dashfox/ltr/products.html]
[laravel.spruko.com/dashfox/ltr/product-details.html]
[laravel.spruko.com/dashfox/ltr/product-cart.html]
[laravel.spruko.com/dashfox/ltr/product-checkout.html]
[laravel.spruko.com/dashfox/ltr/bloglist01.html]
[laravel.spruko.com/dashfox/ltr/bloglist02.html]
[laravel.spruko.com/dashfox/ltr/bloglist03.html]
[laravel.spruko.com/dashfox/ltr/bloglist04.html]
[laravel.spruko.com/dashfox/ltr/bloglist05.html]
[laravel.spruko.com/dashfox/ltr/blog.html]
[laravel.spruko.com/dashfox/ltr/icons.html]
[laravel.spruko.com/dashfox/ltr/icons2.html]
[laravel.spruko.com/dashfox/ltr/icons3.html]
[laravel.spruko.com/dashfox/ltr/icons4.html]
[laravel.spruko.com/dashfox/ltr/icons5.html]
[laravel.spruko.com/dashfox/ltr/icons6.html]
[laravel.spruko.com/dashfox/ltr/background.html]
[laravel.spruko.com/dashfox/ltr/border.html]
[laravel.spruko.com/dashfox/ltr/display.html]
[laravel.spruko.com/dashfox/ltr/flex.html]
[laravel.spruko.com/dashfox/ltr/height.html]
[laravel.spruko.com/dashfox/ltr/margin.html]
[laravel.spruko.com/dashfox/ltr/padding.html]
[laravel.spruko.com/dashfox/ltr/position.html]
[laravel.spruko.com/dashfox/ltr/width.html]
[laravel.spruko.com/dashfox/ltr/extras.html]
[laravel.spruko.com/dashfox/ltr/signin.html]
[laravel.spruko.com/dashfox/ltr/signup.html]
[laravel.spruko.com/dashfox/ltr/forgot.html]
[laravel.spruko.com/dashfox/ltr/reset.html]
[laravel.spruko.com/dashfox/ltr/lockscreen.html]
[laravel.spruko.com/dashfox/ltr/underconstruction.html]
[laravel.spruko.com/dashfox/ltr/error404.html]
[laravel.spruko.com/dashfox/ltr/error500.html]
[laravel.spruko.com/dashfox/ltr/assets/img/brand/favicon2.png]
[laravel.spruko.com/dashfox/ltr/assets/img/brand/favicon3.png]
[laravel.spruko.com/dashfox/ltr/assets/img/brand/favicon4.png]
[laravel.spruko.com/dashfox/ltr/assets/img/brand/favicon5.png]
[laravel.spruko.com/dashfox/ltr/assets/img/brand/favicon6.png]
[laravel.spruko.com/dashfox/ltr/assets/img/brand/favicon-white.png]
[laravel.spruko.com/dashfox/ltr/assets/img/faces/6.jpg]
[laravel.spruko.com/dashfox/ltr/assets/img/faces/9.jpg]
[laravel.spruko.com/dashfox/ltr/assets/img/faces/11.jpg]
[laravel.spruko.com/dashfox/ltr/assets/img/faces/10.jpg]
[laravel.spruko.com/dashfox/ltr/assets/img/faces/2.jpg]
[laravel.spruko.com/dashfox/ltr/assets/img/faces/13.jpg]
[laravel.spruko.com/dashfox/ltr/assets/img/faces/12.jpg]
[laravel.spruko.com/dashfox/ltr/assets/img/faces/4.jpg]
[laravel.spruko.com/dashfox/ltr/assets/img/faces/7.jpg]
[laravel.spruko.com/dashfox/ltr/assets/img/faces/14.jpg]
[laravel.spruko.com/dashfox/ltr/assets/img/faces/15.jpg]
[laravel.spruko.com/dashfox/ltr/assets/plugins/jquery/jquery.min.js]
[laravel.spruko.com/dashfox/ltr/assets/plugins/bootstrap/popper.min.js]
[laravel.spruko.com/dashfox/ltr/assets/plugins/bootstrap/js/bootstrap.min.js]
[laravel.spruko.com/dashfox/ltr/assets/plugins/ionicons/ionicons.js]
[laravel.spruko.com/dashfox/ltr/assets/plugins/moment/moment.js]
[laravel.spruko.com/dashfox/ltr/assets/plugins/perfect-scrollbar/perfect-scrollbar.min.js]
[laravel.spruko.com/dashfox/ltr/assets/plugins/perfect-scrollbar/p-scroll.js]
[laravel.spruko.com/dashfox/ltr/assets/plugins/side-menu/sidemenu.js]
[laravel.spruko.com/dashfox/ltr/assets/plugins/rating/jquery.rating-stars.js]
[laravel.spruko.com/dashfox/ltr/assets/plugins/rating/jquery.barrating.js]
[laravel.spruko.com/dashfox/ltr/assets/plugins/suggestion/jquery.input-dropdown.js]
[laravel.spruko.com/dashfox/ltr/assets/js/search.js]
[laravel.spruko.com/dashfox/ltr/assets/plugins/sidebar/sidebar.js]
[laravel.spruko.com/dashfox/ltr/assets/plugins/sidebar/sidebar-custom.js]
[laravel.spruko.com/dashfox/ltr/assets/js/sticky.js]
[laravel.spruko.com/dashfox/ltr/assets/plugins/eva-icons/eva-icons.min.js]
[laravel.spruko.com/dashfox/ltr/assets/plugins/chart.js/Chart.bundle.min.js]
[laravel.spruko.com/dashfox/ltr/assets/plugins/jquery-sparkline/jquery.sparkline.min.js]
[laravel.spruko.com/dashfox/ltr/assets/plugins/raphael/raphael.min.js]
[laravel.spruko.com/dashfox/ltr/assets/plugins/jquery.flot/jquery.flot.js]
[laravel.spruko.com/dashfox/ltr/assets/plugins/jquery.flot/jquery.flot.pie.js]
[laravel.spruko.com/dashfox/ltr/assets/plugins/jquery.flot/jquery.flot.resize.js]
[laravel.spruko.com/dashfox/ltr/assets/plugins/jquery.flot/jquery.flot.categories.js]
[laravel.spruko.com/dashfox/ltr/assets/js/dashboard.sampledata.js]
[laravel.spruko.com/dashfox/ltr/assets/plugins/circle-progress/circle-progress.min.js]
[laravel.spruko.com/dashfox/ltr/assets/plugins/chart-circle/chart-circle.js]
[laravel.spruko.com/dashfox/ltr/assets/plugins/echart/echart.js]
[laravel.spruko.com/dashfox/ltr/assets/plugins/apexcharts/apexcharts.js]
[laravel.spruko.com/dashfox/ltr/assets/js/index.js]
[laravel.spruko.com/dashfox/ltr/assets/js/custom.js]
[laravel.spruko.com/dashfox/ltr/assets/switcher/js/switcher.js]
[laravel.spruko.com/dashfox/ltr/index.html]
[laravel.spruko.com/dashfox/ltr/vertical.html]
[laravel.spruko.com/dashfox/ltr/images.html]
[laravel.spruko.com/dashfox/ltr/assets/plugins/horizontal-menu/horizontal-menu.js]
[laravel.spruko.com/dashfox/ltr/horizontal.html]
[laravel.spruko.com/dashfox/ltr/assets/img/faces/5.jpg]
[laravel.spruko.com/dashfox/ltr/assets/img/faces/1.jpg]
[laravel.spruko.com/dashfox/ltr/assets/img/flags/us_flag.jpg]
[laravel.spruko.com/dashfox/ltr/assets/img/flags/spain_flag.jpg]
[laravel.spruko.com/dashfox/ltr/assets/img/flags/germany_flag.jpg]
[laravel.spruko.com/dashfox/ltr/assets/img/flags/russia_flag.jpg]
[laravel.spruko.com/dashfox/ltr/assets/img/flags/italy_flag.jpg]
[laravel.spruko.com/dashfox/ltr/assets/img/flags/french_flag.jpg]
[laravel.spruko.com/dashfox/ltr/assets/img/faces/16.jpg]
[laravel.spruko.com/dashfox/ltr/assets/img/ecommerce/03.jpg]
[laravel.spruko.com/dashfox/ltr/assets/img/ecommerce/08.jpg]
[laravel.spruko.com/dashfox/ltr/assets/img/ecommerce/04.jpg]
[laravel.spruko.com/dashfox/ltr/assets/img/ecommerce/05.jpg]
[laravel.spruko.com/dashfox/ltr/assets/img/ecommerce/06.jpg]
[laravel.spruko.com/dashfox/ltr/assets/img/ecommerce/07.jpg]
[laravel.spruko.com/dashfox/ltr/assets/img/ecommerce/09.jpg]
[laravel.spruko.com/dashfox/ltr/assets/img/faces/8.jpg]
[laravel.spruko.com/dashfox/ltr/assets/img/ecommerce/02.jpg]
[laravel.spruko.com/dashfox/ltr/assets/img/ecommerce/01.jpg]
[laravel.spruko.com/dashfox/ltr/assets/plugins/peity/jquery.peity.min.js]
[laravel.spruko.com/dashfox/ltr/widgets.html]
[laravel.spruko.com/dashfox/ltr/assets/js/widget-chart.js]
[laravel.spruko.com/dashfox/ltr/assets/js/check-all-mail.js]
[laravel.spruko.com/dashfox/ltr/mail-inbox.html]
[laravel.spruko.com/dashfox/ltr/assets/plugins/select2/js/select2.min.js]
[laravel.spruko.com/dashfox/ltr/assets/js/select2.js]
[laravel.spruko.com/dashfox/ltr/mail-compose.html]
[laravel.spruko.com/dashfox/ltr/assets/img/photos/1.jpg]
[laravel.spruko.com/dashfox/ltr/assets/img/photos/2.jpg]
[laravel.spruko.com/dashfox/ltr/assets/img/photos/3.jpg]
[laravel.spruko.com/dashfox/ltr/mail-read.html]
[laravel.spruko.com/dashfox/ltr/mail-settings.html]
[laravel.spruko.com/dashfox/ltr/assets/plugins/lightslider/js/lightslider.min.js]
[laravel.spruko.com/dashfox/ltr/assets/js/chat.js]
[laravel.spruko.com/dashfox/ltr/chat.html]
[laravel.spruko.com/dashfox/ltr/assets/img/photos/10.jpg]
[laravel.spruko.com/dashfox/ltr/assets/img/photos/14.jpg]
[laravel.spruko.com/dashfox/ltr/assets/img/photos/12.jpg]
[laravel.spruko.com/dashfox/ltr/assets/img/photos/13.jpg]
[laravel.spruko.com/dashfox/ltr/assets/img/photos/11.jpg]
[laravel.spruko.com/dashfox/ltr/assets/img/photos/5.jpg]
[laravel.spruko.com/dashfox/ltr/assets/img/photos/6.jpg]
[laravel.spruko.com/dashfox/ltr/assets/img/photos/4.jpg]
[laravel.spruko.com/dashfox/ltr/assets/img/photos/7.jpg]
[laravel.spruko.com/dashfox/ltr/assets/img/photos/8.jpg]
[laravel.spruko.com/dashfox/ltr/assets/img/photos/9.jpg]
[laravel.spruko.com/dashfox/ltr/cards.html]
[laravel.spruko.com/dashfox/ltr/assets/plugins/jquery-ui/ui/widgets/datepicker.js]
[laravel.spruko.com/dashfox/ltr/assets/plugins/dragula/dragula.js]
[laravel.spruko.com/dashfox/ltr/assets/plugins/dragula/example.min.js]
[laravel.spruko.com/dashfox/ltr/darggablecards.html]
[laravel.spruko.com/dashfox/ltr/assets/plugins/ion-rangeslider/js/ion.rangeSlider.min.js]
[laravel.spruko.com/dashfox/ltr/assets/js/rangeslider.js]
[laravel.spruko.com/dashfox/ltr/rangeslider.html]
[laravel.spruko.com/dashfox/ltr/assets/plugins/moment/min/moment.min.js]
[laravel.spruko.com/dashfox/ltr/assets/plugins/fullcalendar/fullcalendar.min.js]
[laravel.spruko.com/dashfox/ltr/assets/plugins/select2/js/select2.full.min.js]
[laravel.spruko.com/dashfox/ltr/assets/js/app-calendar-events.js]
[laravel.spruko.com/dashfox/ltr/calendar.html]
[laravel.spruko.com/dashfox/ltr/assets/js/app-calendar.js]
[laravel.spruko.com/dashfox/ltr/assets/js/contact.js]
[laravel.spruko.com/dashfox/ltr/contacts.html]
[laravel.spruko.com/dashfox/ltr/assets/img/photos/compare1.jpg]
[laravel.spruko.com/dashfox/ltr/assets/img/photos/compare2.jpg]
[laravel.spruko.com/dashfox/ltr/assets/plugins/images-comparsion/jquery.twentytwenty.js]
[laravel.spruko.com/dashfox/ltr/assets/plugins/images-comparsion/jquery.event.move.js]
[laravel.spruko.com/dashfox/ltr/assets/js/image-comparision.js]
[laravel.spruko.com/dashfox/ltr/image-compare.html]
[laravel.spruko.com/dashfox/ltr/assets/plugins/notify/js/notifIt.js]
[laravel.spruko.com/dashfox/ltr/assets/plugins/notify/js/notifit-custom.js]
[laravel.spruko.com/dashfox/ltr/notification.html]
[laravel.spruko.com/dashfox/ltr/widget-notification.html]
[laravel.spruko.com/dashfox/ltr/treeview.html]
[laravel.spruko.com/dashfox/ltr/assets/plugins/treeview/treeview.js]
[laravel.spruko.com/dashfox/ltr/assets/plugins/leaflet/leaflet.js]
[laravel.spruko.com/dashfox/ltr/assets/js/map-leafleft.js]
[laravel.spruko.com/dashfox/ltr/map-leaflet.html]
[laravel.spruko.com/dashfox/ltr/assets/plugins/jqvmap/jquery.vmap.min.js]
[laravel.spruko.com/dashfox/ltr/assets/plugins/jqvmap/maps/jquery.vmap.world.js]
[laravel.spruko.com/dashfox/ltr/assets/plugins/jqvmap/maps/jquery.vmap.usa.js]
[laravel.spruko.com/dashfox/ltr/assets/plugins/jqvmap/maps/jquery.vmap.canada.js]
[laravel.spruko.com/dashfox/ltr/assets/plugins/jqvmap/maps/jquery.vmap.algeria.js]
[laravel.spruko.com/dashfox/ltr/assets/plugins/jqvmap/maps/jquery.vmap.argentina.js]
[laravel.spruko.com/dashfox/ltr/assets/plugins/jqvmap/maps/jquery.vmap.europe.js]
[laravel.spruko.com/dashfox/ltr/assets/plugins/jqvmap/maps/jquery.vmap.germany.js]
[laravel.spruko.com/dashfox/ltr/assets/plugins/jqvmap/maps/jquery.vmap.russia.js]
[laravel.spruko.com/dashfox/ltr/assets/plugins/jqvmap/maps/jquery.vmap.france.js]
[laravel.spruko.com/dashfox/ltr/assets/js/vector-map.js]
[laravel.spruko.com/dashfox/ltr/map-vector.html]
[laravel.spruko.com/dashfox/ltr/assets/js/jquery.vmap.sampledata.js]
[laravel.spruko.com/dashfox/ltr/assets/js/eva-icons.min.js]
[laravel.spruko.com/dashfox/ltr/table-basic.html]
[laravel.spruko.com/dashfox/ltr/assets/plugins/datatable/js/jquery.dataTables.min.js]
[laravel.spruko.com/dashfox/ltr/assets/plugins/datatable/js/dataTables.dataTables.min.js]
[laravel.spruko.com/dashfox/ltr/assets/plugins/datatable/js/dataTables.responsive.min.js]
[laravel.spruko.com/dashfox/ltr/assets/plugins/datatable/js/responsive.dataTables.min.js]
[laravel.spruko.com/dashfox/ltr/assets/plugins/datatable/js/jquery.dataTables.js]
[laravel.spruko.com/dashfox/ltr/assets/plugins/datatable/js/dataTables.bootstrap4.js]
[laravel.spruko.com/dashfox/ltr/assets/plugins/datatable/js/dataTables.buttons.min.js]
[laravel.spruko.com/dashfox/ltr/assets/plugins/datatable/js/buttons.bootstrap4.min.js]
[laravel.spruko.com/dashfox/ltr/assets/plugins/datatable/js/jszip.min.js]
[laravel.spruko.com/dashfox/ltr/assets/plugins/datatable/js/pdfmake.min.js]
[laravel.spruko.com/dashfox/ltr/assets/plugins/datatable/js/vfs_fonts.js]
[laravel.spruko.com/dashfox/ltr/assets/plugins/datatable/js/buttons.html5.min.js]
[laravel.spruko.com/dashfox/ltr/assets/plugins/datatable/js/buttons.print.min.js]
[laravel.spruko.com/dashfox/ltr/assets/plugins/datatable/js/buttons.colVis.min.js]
[laravel.spruko.com/dashfox/ltr/assets/plugins/datatable/js/responsive.bootstrap4.min.js]
[laravel.spruko.com/dashfox/ltr/assets/js/table-data.js]
[laravel.spruko.com/dashfox/ltr/table-data.html]
[laravel.spruko.com/dashfox/ltr/assets/plugins/clipboard/clipboard.min.js]
[laravel.spruko.com/dashfox/ltr/assets/plugins/clipboard/clipboard.js]
[laravel.spruko.com/dashfox/ltr/assets/plugins/prism/prism.js]
[laravel.spruko.com/dashfox/ltr/alerts.html]
[laravel.spruko.com/dashfox/ltr/avatar.html]
[laravel.spruko.com/dashfox/ltr/breadcrumbs.html]
[laravel.spruko.com/dashfox/ltr/buttons.html]
[laravel.spruko.com/dashfox/ltr/badge.html]
[laravel.spruko.com/dashfox/ltr/dropdown.html]
[laravel.spruko.com/dashfox/ltr/assets/img/photos/15.jpg]
[laravel.spruko.com/dashfox/ltr/assets/img/media/7.134.delayed]
[laravel.spruko.com/dashfox/ltr/thumbnails.html]
[laravel.spruko.com/dashfox/ltr/list-group.html]
[laravel.spruko.com/dashfox/ltr/navigation.html]
[laravel.spruko.com/dashfox/ltr/pagination.html]
[laravel.spruko.com/dashfox/ltr/popover.html]
[laravel.spruko.com/dashfox/ltr/progress.html]
[laravel.spruko.com/dashfox/ltr/spinners.html]
[laravel.spruko.com/dashfox/ltr/media-object.html]
[laravel.spruko.com/dashfox/ltr/typography.html]
[laravel.spruko.com/dashfox/ltr/tooltip.html]
[laravel.spruko.com/dashfox/ltr/assets/plugins/inputtags/inputtags.js]
[laravel.spruko.com/dashfox/ltr/toast.html]
[laravel.spruko.com/dashfox/ltr/tags.html]
[laravel.spruko.com/dashfox/ltr/assets/plugins/tabs/jquery.multipurpose_tabcontent.js]
[laravel.spruko.com/dashfox/ltr/tabs.html]
[laravel.spruko.com/dashfox/ltr/assets/js/tabs.js]
[laravel.spruko.com/dashfox/ltr/accordion.html]
[laravel.spruko.com/dashfox/ltr/assets/img/photos/16.jpg]
[laravel.spruko.com/dashfox/ltr/assets/img/photos/17.jpg]
[laravel.spruko.com/dashfox/ltr/assets/img/photos/18.jpg]
[laravel.spruko.com/dashfox/ltr/assets/img/photos/19.jpg]
[laravel.spruko.com/dashfox/ltr/assets/img/photos/20.jpg]
[laravel.spruko.com/dashfox/ltr/assets/plugins/owl-carousel/owl.carousel.js]
[laravel.spruko.com/dashfox/ltr/assets/plugins/multislider/multislider.js]
[laravel.spruko.com/dashfox/ltr/assets/js/carousel.js]
[laravel.spruko.com/dashfox/ltr/carousel.html]
[laravel.spruko.com/dashfox/ltr/.multi-collapse]
[laravel.spruko.com/dashfox/ltr/collapse.html]
[laravel.spruko.com/dashfox/ltr/assets/js/modal.js]
[laravel.spruko.com/dashfox/ltr/modals.html]
[laravel.spruko.com/dashfox/ltr/assets/img/media/4.jpg]
[laravel.spruko.com/dashfox/ltr/timeline.html]
[laravel.spruko.com/dashfox/ltr/assets/plugins/rating/ratings.js]
[laravel.spruko.com/dashfox/ltr/assets/plugins/sweet-alert/sweetalert.min.js]
[laravel.spruko.com/dashfox/ltr/assets/plugins/sweet-alert/jquery.sweet-alert.js]
[laravel.spruko.com/dashfox/ltr/sweet-alert.html]
[laravel.spruko.com/dashfox/ltr/rating.html]
[laravel.spruko.com/dashfox/ltr/assets/plugins/counters/waypoints.min.js]
[laravel.spruko.com/dashfox/ltr/assets/plugins/counters/counterup.min.js]
[laravel.spruko.com/dashfox/ltr/assets/plugins/counters/jquery.missofis-countdown.js]
[laravel.spruko.com/dashfox/ltr/assets/plugins/counters/counter.js]
[laravel.spruko.com/dashfox/ltr/counters.html]
[laravel.spruko.com/dashfox/ltr/search.html]
[laravel.spruko.com/dashfox/ltr/userlist.html]
[laravel.spruko.com/dashfox/ltr/assets/plugins/jquery.maskedinput/jquery.maskedinput.js]
[laravel.spruko.com/dashfox/ltr/assets/plugins/spectrum-colorpicker/spectrum-colorpicker.js]
[laravel.spruko.com/dashfox/ltr/assets/plugins/amazeui-datetimepicker/js/amazeui.datetimepicker.min.js]
[laravel.spruko.com/dashfox/ltr/assets/plugins/jquery-simple-datetimepicker/jquery.simple-dtpicker.js]
[laravel.spruko.com/dashfox/ltr/assets/plugins/pickerjs/picker.min.js]
[laravel.spruko.com/dashfox/ltr/assets/js/form-elements.js]
[laravel.spruko.com/dashfox/ltr/form-elements.html]
[laravel.spruko.com/dashfox/ltr/assets/plugins/fileuploads/js/fileupload.js]
[laravel.spruko.com/dashfox/ltr/assets/plugins/fileuploads/js/file-upload.js]
[laravel.spruko.com/dashfox/ltr/assets/plugins/fancyuploder/jquery.ui.widget.js]
[laravel.spruko.com/dashfox/ltr/assets/plugins/fancyuploder/jquery.fileupload.js]
[laravel.spruko.com/dashfox/ltr/assets/plugins/fancyuploder/jquery.iframe-transport.js]
[laravel.spruko.com/dashfox/ltr/assets/plugins/fancyuploder/jquery.fancy-fileupload.js]
[laravel.spruko.com/dashfox/ltr/assets/plugins/fancyuploder/fancy-uploader.js]
[laravel.spruko.com/dashfox/ltr/assets/js/advanced-form-elements.js]
[laravel.spruko.com/dashfox/ltr/assets/plugins/sumoselect/jquery.sumoselect.js]
[laravel.spruko.com/dashfox/ltr/assets/plugins/telephoneinput/telephoneinput.js]
[laravel.spruko.com/dashfox/ltr/assets/plugins/telephoneinput/inttelephoneinput.js]
[laravel.spruko.com/dashfox/ltr/form-advanced.html]
[laravel.spruko.com/dashfox/ltr/assets/img/visa.png]
[laravel.spruko.com/dashfox/ltr/assets/img/mastercard.png]
[laravel.spruko.com/dashfox/ltr/assets/js/form-layouts.js]
[laravel.spruko.com/dashfox/ltr/form-layouts.html]
[laravel.spruko.com/dashfox/ltr/assets/plugins/parsleyjs/parsley.min.js]
[laravel.spruko.com/dashfox/ltr/assets/js/form-validation.js]
[laravel.spruko.com/dashfox/ltr/form-validation.html]
[laravel.spruko.com/dashfox/ltr/assets/plugins/jquery-steps/jquery.steps.min.js]
[laravel.spruko.com/dashfox/ltr/assets/js/form-wizard.js]
[laravel.spruko.com/dashfox/ltr/form-wizards.html]
[laravel.spruko.com/dashfox/ltr/assets/plugins/quill/quill.min.js]
[laravel.spruko.com/dashfox/ltr/assets/js/form-editor.js]
[laravel.spruko.com/dashfox/ltr/form-editor.html]
[laravel.spruko.com/dashfox/ltr/assets/plugins/spectrum-colorpicker/spectrum.js]
[laravel.spruko.com/dashfox/ltr/form-elements-sizes.html]
[laravel.spruko.com/dashfox/ltr/form-inputmask.html]
[laravel.spruko.com/dashfox/ltr/assets/js/file-upload.js]
[laravel.spruko.com/dashfox/ltr/form-upload.html]
[laravel.spruko.com/dashfox/ltr/assets/plugins/morris.js/morris.min.js]
[laravel.spruko.com/dashfox/ltr/assets/js/chart.morris.js]
[laravel.spruko.com/dashfox/ltr/chart-morris.html]
[laravel.spruko.com/dashfox/ltr/assets/js/chart.flot.js]
[laravel.spruko.com/dashfox/ltr/chart-flot.html]
[laravel.spruko.com/dashfox/ltr/assets/js/chart.chartjs.js]
[laravel.spruko.com/dashfox/ltr/chart-chartjs.html]
[laravel.spruko.com/dashfox/ltr/assets/js/echarts.js]
[laravel.spruko.com/dashfox/ltr/chart-echart.html]
[laravel.spruko.com/dashfox/ltr/assets/js/chart.sparkline.js]
[laravel.spruko.com/dashfox/ltr/chart-sparkline.html]
[laravel.spruko.com/dashfox/ltr/assets/js/chart.peity.js]
[laravel.spruko.com/dashfox/ltr/chart-peity.html]
[laravel.spruko.com/dashfox/ltr/assets/img/banner.png]
[laravel.spruko.com/dashfox/ltr/assets/plugins/gallery/lightgallery-all.min.js]
[laravel.spruko.com/dashfox/ltr/assets/plugins/gallery/jquery.mousewheel.min.js]
[laravel.spruko.com/dashfox/ltr/assets/js/gallery.js]
[laravel.spruko.com/dashfox/ltr/profile.html]
[laravel.spruko.com/dashfox/ltr/twitter.com/spruko.me]
[laravel.spruko.com/dashfox/ltr/editprofile.html]
[laravel.spruko.com/dashfox/ltr/assets/plugins/perfect-scrollbar/p-invoice.js]
[laravel.spruko.com/dashfox/ltr/invoice.html]
[laravel.spruko.com/dashfox/ltr/pricing.html]
[laravel.spruko.com/dashfox/ltr/gallery.html]
[laravel.spruko.com/dashfox/ltr/todotask.html]
[laravel.spruko.com/dashfox/ltr/faq.html]
[laravel.spruko.com/dashfox/ltr/emptypage.html]
[laravel.spruko.com/dashfox/ltr/assets/img/ecommerce/10.jpg]
[laravel.spruko.com/dashfox/ltr/assets/img/ecommerce/11.jpg]
[laravel.spruko.com/dashfox/ltr/products.html]
[laravel.spruko.com/dashfox/ltr/assets/img/ecommerce/1.png]
[laravel.spruko.com/dashfox/ltr/assets/plugins/Image-Zoom/images/online_icon_right@2x.png]
[laravel.spruko.com/dashfox/ltr/assets/img/ecommerce/2.jpg]
[laravel.spruko.com/dashfox/ltr/assets/img/ecommerce/3.jpg]
[laravel.spruko.com/dashfox/ltr/assets/img/ecommerce/4.jpg]
[laravel.spruko.com/dashfox/ltr/assets/img/ecommerce/5.jpg]
[laravel.spruko.com/dashfox/ltr/assets/img/ecommerce/6.jpg]
[laravel.spruko.com/dashfox/ltr/assets/img/ecommerce/7.jpg]
[laravel.spruko.com/dashfox/ltr/assets/plugins/Image-Zoom/scripts/zoom-image.js]
[laravel.spruko.com/dashfox/ltr/assets/plugins/Image-Zoom/scripts/main.js]
[laravel.spruko.com/dashfox/ltr/assets/plugins/jquery-nice-select/js/jquery.nice-select.js]
[laravel.spruko.com/dashfox/ltr/assets/plugins/jquery-nice-select/js/nice-select.js]
[laravel.spruko.com/dashfox/ltr/product-details.html]
[laravel.spruko.com/dashfox/ltr/product-cart.html]
[laravel.spruko.com/dashfox/ltr/product-checkout.html]
[laravel.spruko.com/dashfox/ltr/bloglist01.html]
[laravel.spruko.com/dashfox/ltr/bloglist02.html]
[laravel.spruko.com/dashfox/ltr/bloglist03.html]
[laravel.spruko.com/dashfox/ltr/bloglist04.html]
[laravel.spruko.com/dashfox/ltr/bloglist05.html]
[laravel.spruko.com/dashfox/ltr/profile-2.html]
[laravel.spruko.com/dashfox/ltr/blog.html]
[laravel.spruko.com/dashfox/ltr/icons.html]
[laravel.spruko.com/dashfox/ltr/icons2.html]
[laravel.spruko.com/dashfox/ltr/icons3.html]
[laravel.spruko.com/dashfox/ltr/icons4.html]
[laravel.spruko.com/dashfox/ltr/icons5.html]
[laravel.spruko.com/dashfox/ltr/icons6.html]
[laravel.spruko.com/dashfox/ltr/background.html]
[laravel.spruko.com/dashfox/ltr/border.html]
[laravel.spruko.com/dashfox/ltr/display.html]
[laravel.spruko.com/dashfox/ltr/flex.html]
[laravel.spruko.com/dashfox/ltr/height.html]
[laravel.spruko.com/dashfox/ltr/margin.html]
[laravel.spruko.com/dashfox/ltr/padding.html]
[laravel.spruko.com/dashfox/ltr/position.html]
[laravel.spruko.com/dashfox/ltr/width.html]
[laravel.spruko.com/dashfox/ltr/extras.html]
[laravel.spruko.com/dashfox/ltr/page-signup]
[laravel.spruko.com/dashfox/ltr/signin.html]
[laravel.spruko.com/dashfox/ltr/signup.html]
[laravel.spruko.com/dashfox/ltr/forgot.html]
[laravel.spruko.com/dashfox/ltr/reset.html]
[laravel.spruko.com/dashfox/ltr/lockscreen.html]
[laravel.spruko.com/dashfox/ltr/assets/plugins/jquery-countdown/jquery.lwtCountdown-1.0.js]
[laravel.spruko.com/dashfox/ltr/assets/plugins/jquery-countdown/count-down.js]
[laravel.spruko.com/dashfox/ltr/underconstruction.html]
[laravel.spruko.com/dashfox/ltr/error404.html]
[laravel.spruko.com/dashfox/ltr/error500.html]
[laravel.spruko.com/dashfox/ltr/images.html]
[laravel.spruko.com/dashfox/ltr/.html]
[laravel.spruko.com/dashfox/ltr/profile-2.html]
[laravel.spruko.com/dashfox/ltr/page-signup.html]
[laravel.spruko.com/dashfox/ltr/assets/plugins/bootstrap/css/bootstrap.css]
[laravel.spruko.com/dashfox/ltr/assets/plugins/icons/icons.css]
[laravel.spruko.com/dashfox/ltr/assets/plugins/sidebar/sidebar.css]
[laravel.spruko.com/dashfox/ltr/assets/css/sidemenu.css]
[laravel.spruko.com/dashfox/ltr/assets/img/pattern2.png]
[laravel.spruko.com/dashfox/ltr/assets/img/20.jpg]
[laravel.spruko.com/dashfox/ltr/assets/img/1.png]
[laravel.spruko.com/dashfox/ltr/assets/css/style.css]
[laravel.spruko.com/dashfox/ltr/assets/plugins/fancyuploder/fancy_upload-dark.png]
[laravel.spruko.com/dashfox/ltr/assets/css/style-dark.css]
[laravel.spruko.com/dashfox/ltr/assets/css/colors/color.css]
[laravel.spruko.com/dashfox/ltr/assets/plugins/owl-carousel/owl.video.play.1af.delayed]
[laravel.spruko.com/dashfox/ltr/assets/plugins/owl-carousel/owl.carousel.css]
[laravel.spruko.com/dashfox/ltr/assets/plugins/jqvmap/jqvmap.min.css]
[laravel.spruko.com/dashfox/ltr/assets/plugins/jqvmap/jquery-jvectormap-2.0.2.css]
[laravel.spruko.com/dashfox/ltr/assets/css/skin-modes.css]
[laravel.spruko.com/dashfox/ltr/assets/css/animate.css]
[laravel.spruko.com/dashfox/ltr/assets/switcher/css/switcher.css]
[laravel.spruko.com/dashfox/ltr/assets/switcher/images/patterns-1/bg-1.png]
[laravel.spruko.com/dashfox/ltr/assets/switcher/images/patterns-1/bg-2.png]
[laravel.spruko.com/dashfox/ltr/assets/switcher/images/patterns-1/bg-3.png]
[laravel.spruko.com/dashfox/ltr/assets/switcher/images/patterns-1/bg-4.png]
[laravel.spruko.com/dashfox/ltr/assets/switcher/images/patterns-1/bg-5.png]
[laravel.spruko.com/dashfox/ltr/assets/switcher/images/patterns-1/bg-6.png]
[laravel.spruko.com/dashfox/ltr/assets/switcher/images/patterns-1/bg-7.png]
[laravel.spruko.com/dashfox/ltr/assets/switcher/images/patterns-1/bg-8.png]
[laravel.spruko.com/dashfox/ltr/assets/switcher/images/patterns-1/bg-9.png]
[laravel.spruko.com/dashfox/ltr/assets/switcher/images/patterns-1/bg-10.png]
[laravel.spruko.com/dashfox/ltr/assets/switcher/images/background1.jpg]
[laravel.spruko.com/dashfox/ltr/assets/switcher/images/background2.jpg]
[laravel.spruko.com/dashfox/ltr/assets/switcher/images/background3.jpg]
[laravel.spruko.com/dashfox/ltr/assets/switcher/images/background4.jpg]
[laravel.spruko.com/dashfox/ltr/assets/switcher/images/background5.jpg]
[laravel.spruko.com/dashfox/ltr/assets/switcher/images/media/bg.jpg]
[laravel.spruko.com/dashfox/ltr/assets/switcher/demo.css]
[laravel.spruko.com/dashfox/ltr/vertical.html]
[laravel.spruko.com/dashfox/ltr/horizontal.html]
[laravel.spruko.com/dashfox/ltr/assets/img/loader-2.svg]
[laravel.spruko.com/dashfox/ltr/assets/js/chart.flot.sampledata.js]
[laravel.spruko.com/dashfox/ltr/assets/img/svgicons/chrome.svg]
[laravel.spruko.com/dashfox/ltr/assets/img/svgicons/opera.svg]
[laravel.spruko.com/dashfox/ltr/assets/img/svgicons/edge.svg]
[laravel.spruko.com/dashfox/ltr/assets/img/svgicons/firefox.svg]
[laravel.spruko.com/dashfox/ltr/assets/img/svgicons/uc-browser.svg]
[laravel.spruko.com/dashfox/ltr/assets/img/svgicons/safari.svg]
[laravel.spruko.com/dashfox/ltr/assets/plugins/select2/css/select2.min.css]
[laravel.spruko.com/dashfox/ltr/assets/img/faces/3.jpg]
[laravel.spruko.com/dashfox/ltr/assets/plugins/darggable/images/ui-icons_444444_256x240.1c0.delayed]
[laravel.spruko.com/dashfox/ltr/assets/plugins/darggable/images/ui-icons_555555_256x240.png]
[laravel.spruko.com/dashfox/ltr/assets/plugins/darggable/images/ui-icons_ffffff_256x240.png]
[laravel.spruko.com/dashfox/ltr/assets/plugins/darggable/images/ui-icons_777620_256x240.png]
[laravel.spruko.com/dashfox/ltr/assets/plugins/darggable/images/ui-icons_cc0000_256x240.png]
[laravel.spruko.com/dashfox/ltr/assets/plugins/darggable/images/ui-icons_777777_256x240.png]
[laravel.spruko.com/dashfox/ltr/assets/plugins/darggable/jquery-ui-darggable.css]
[laravel.spruko.com/dashfox/ltr/assets/plugins/dragula/dragula.css]
[laravel.spruko.com/dashfox/ltr/assets/plugins/ion-rangeslider/css/ion.rangeSlider.css]
[laravel.spruko.com/dashfox/ltr/assets/plugins/ion-rangeslider/css/ion.rangeSlider.skinFlat.css]
[laravel.spruko.com/dashfox/ltr/assets/plugins/fullcalendar/fullcalendar.min.css]
[laravel.spruko.com/dashfox/ltr/assets/plugins/images-comparsion/twentytwenty.css]
[laravel.spruko.com/dashfox/ltr/assets/plugins/fontawesome-free/webfonts/fa-brands-400.eot]
[laravel.spruko.com/dashfox/ltr/assets/plugins/fontawesome-free/webfonts/fa-brands-400d41d.eot]
[laravel.spruko.com/dashfox/ltr/assets/plugins/fontawesome-free/webfonts/fa-brands-400.woff2]
[laravel.spruko.com/dashfox/ltr/assets/plugins/fontawesome-free/webfonts/fa-brands-400.woff]
[laravel.spruko.com/dashfox/ltr/assets/plugins/fontawesome-free/webfonts/fa-brands-400.ttf]
[laravel.spruko.com/dashfox/ltr/assets/plugins/fontawesome-free/webfonts/fa-regular-400.eot]
[laravel.spruko.com/dashfox/ltr/assets/plugins/fontawesome-free/webfonts/fa-regular-400d41d.eot]
[laravel.spruko.com/dashfox/ltr/assets/plugins/fontawesome-free/webfonts/fa-regular-400.woff2]
[laravel.spruko.com/dashfox/ltr/assets/plugins/fontawesome-free/webfonts/fa-regular-400.woff]
[laravel.spruko.com/dashfox/ltr/assets/plugins/fontawesome-free/webfonts/fa-regular-400.ttf]
[laravel.spruko.com/dashfox/ltr/assets/plugins/fontawesome-free/webfonts/fa-solid-900.eot]
[laravel.spruko.com/dashfox/ltr/assets/plugins/fontawesome-free/webfonts/fa-solid-900d41d.eot]
[laravel.spruko.com/dashfox/ltr/assets/plugins/fontawesome-free/webfonts/fa-solid-900.woff2]
[laravel.spruko.com/dashfox/ltr/assets/plugins/fontawesome-free/webfonts/fa-solid-900.woff]
[laravel.spruko.com/dashfox/ltr/assets/plugins/fontawesome-free/webfonts/fa-solid-900.ttf]
[laravel.spruko.com/dashfox/ltr/assets/plugins/fontawesome-free/css/all.min.css]
[laravel.spruko.com/dashfox/ltr/assets/plugins/bootstrap/css/bootstrap.min.css]
[laravel.spruko.com/dashfox/ltr/assets/plugins/notify/css/notifIt.css]
[laravel.spruko.com/dashfox/ltr/assets/img/svgicons/not-found.svg]
[laravel.spruko.com/dashfox/ltr/assets/img/svgicons/sync.svg]
[laravel.spruko.com/dashfox/ltr/assets/img/svgicons/status.svg]
[laravel.spruko.com/dashfox/ltr/assets/plugins/treeview/treeview.css]
[laravel.spruko.com/dashfox/ltr/assets/plugins/leaflet/images/layers.png]
[laravel.spruko.com/dashfox/ltr/assets/plugins/leaflet/images/layers-2x.png]
[laravel.spruko.com/dashfox/ltr/assets/plugins/leaflet/images/marker-icon.png]
[laravel.spruko.com/dashfox/ltr/assets/plugins/leaflet/leaflet.css]
[laravel.spruko.com/dashfox/ltr/assets/js/eva-icons.min.html]
[laravel.spruko.com/dashfox/ltr/assets/plugins/datatable/css/dataTables.bootstrap4.min.css]
[laravel.spruko.com/dashfox/ltr/assets/plugins/datatable/css/buttons.bootstrap4.min.css]
[laravel.spruko.com/dashfox/ltr/assets/plugins/datatable/css/responsive.bootstrap4.min.css]
[laravel.spruko.com/dashfox/ltr/assets/plugins/datatable/images/sort_both.png]
[laravel.spruko.com/dashfox/ltr/assets/plugins/datatable/images/sort_asc.png]
[laravel.spruko.com/dashfox/ltr/assets/plugins/datatable/images/sort_desc.png]
[laravel.spruko.com/dashfox/ltr/assets/plugins/datatable/images/sort_asc_disabled.png]
[laravel.spruko.com/dashfox/ltr/assets/plugins/datatable/images/sort_desc_disabled.png]
[laravel.spruko.com/dashfox/ltr/assets/plugins/datatable/css/jquery.dataTables.min.css]
[laravel.spruko.com/dashfox/ltr/assets/plugins/datatable/css/responsive.dataTables.min.css]
[laravel.spruko.com/dashfox/ltr/assets/plugins/prism/prism.css]
[laravel.spruko.com/dashfox/ltr/assets/plugins/custom-scroll/mCSB_buttons.png]
[laravel.spruko.com/dashfox/ltr/assets/plugins/custom-scroll/jquery.mCustomScrollbar.css]
[laravel.spruko.com/dashfox/ltr/assets/img/media/7.html]
[laravel.spruko.com/dashfox/ltr/assets/plugins/inputtags/inputtags.css]
[laravel.spruko.com/dashfox/ltr/assets/plugins/multislider/multislider.css]
[laravel.spruko.com/dashfox/ltr/assets/plugins/timeline/css/timeline.min.css]
[laravel.spruko.com/dashfox/ltr/assets/plugins/sweet-alert/sweetalert.css]
[laravel.spruko.com/dashfox/ltr/assets/plugins/rating/ratings.css]
[laravel.spruko.com/dashfox/ltr/assets/plugins/rating/themes/bars-1to10.css]
[laravel.spruko.com/dashfox/ltr/assets/plugins/rating/themes/bars-movie.css]
[laravel.spruko.com/dashfox/ltr/assets/plugins/rating/themes/bars-square.css]
[laravel.spruko.com/dashfox/ltr/assets/plugins/rating/themes/bars-pill.css]
[laravel.spruko.com/dashfox/ltr/assets/plugins/rating/themes/bars-reversed.css]
[laravel.spruko.com/dashfox/ltr/assets/plugins/rating/themes/bars-horizontal.css]
[laravel.spruko.com/dashfox/ltr/assets/plugins/rating/themes/fontawesome-stars.css]
[laravel.spruko.com/dashfox/ltr/assets/plugins/rating/themes/css-stars.css]
[laravel.spruko.com/dashfox/ltr/assets/plugins/rating/themes/bootstrap-stars.css]
[laravel.spruko.com/dashfox/ltr/assets/plugins/rating/themes/fontawesome-stars-o.css]
[laravel.spruko.com/dashfox/ltr/assets/plugins/amazeui-datetimepicker/css/amazeui.datetimepicker.css]
[laravel.spruko.com/dashfox/ltr/assets/plugins/jquery-simple-datetimepicker/jquery.simple-dtpicker.css]
[laravel.spruko.com/dashfox/ltr/assets/plugins/pickerjs/picker.min.css]
[laravel.spruko.com/dashfox/ltr/assets/plugins/spectrum-colorpicker/spectrum.css]
[laravel.spruko.com/dashfox/ltr/assets/plugins/fileuploads/fonts/dropify.eot]
[laravel.spruko.com/dashfox/ltr/assets/plugins/fileuploads/fonts/dropify.woff]
[laravel.spruko.com/dashfox/ltr/assets/plugins/fileuploads/fonts/dropify.ttf]
[laravel.spruko.com/dashfox/ltr/assets/plugins/fileuploads/css/fileupload.css]
[laravel.spruko.com/dashfox/ltr/assets/plugins/fancyuploder/fancy_upload.png]
[laravel.spruko.com/dashfox/ltr/assets/plugins/fancyuploder/fancy_microphone.png]
[laravel.spruko.com/dashfox/ltr/assets/plugins/fancyuploder/fancy_webcam.png]
[laravel.spruko.com/dashfox/ltr/assets/plugins/fancyuploder/fancy_okay.png]
[laravel.spruko.com/dashfox/ltr/assets/plugins/fancyuploder/fancy_remove.png]
[laravel.spruko.com/dashfox/ltr/assets/plugins/fancyuploder/fancy_fileupload.css]
[laravel.spruko.com/dashfox/ltr/assets/plugins/sumoselect/sumoselect.css]
[laravel.spruko.com/dashfox/ltr/assets/plugins/telephoneinput/img/flags.png]
[laravel.spruko.com/dashfox/ltr/assets/plugins/telephoneinput/telephoneinput.css]
[laravel.spruko.com/dashfox/ltr/assets/plugins/quill/quill.snow.css]
[laravel.spruko.com/dashfox/ltr/assets/plugins/quill/quill.bubble.css]
[laravel.spruko.com/dashfox/ltr/assets/plugins/spectrum-colorpicker/spectrum.html]
[laravel.spruko.com/dashfox/ltr/assets/plugins/morris.js/morris.css]
[laravel.spruko.com/dashfox/ltr/assets/plugins/telephoneinput/img/flags@2x.png]
[laravel.spruko.com/dashfox/ltr/assets/plugins/gallery/fonts/lgd641.eot]
[laravel.spruko.com/dashfox/ltr/assets/plugins/gallery/fonts/lgd41d.eot]
[laravel.spruko.com/dashfox/ltr/assets/plugins/gallery/fonts/lgd641.woff]
[laravel.spruko.com/dashfox/ltr/assets/plugins/gallery/fonts/lgd641.ttf]
[laravel.spruko.com/dashfox/ltr/assets/plugins/img/vimeo-play.png]
[laravel.spruko.com/dashfox/ltr/assets/plugins/img/video-play.png]
[laravel.spruko.com/dashfox/ltr/assets/plugins/img/youtube-play.png]
[laravel.spruko.com/dashfox/ltr/assets/plugins/gallery/loading.gif]
[laravel.spruko.com/dashfox/ltr/assets/plugins/gallery/gallery.css]
[laravel.spruko.com/dashfox/ltr/twitter.com/spruko.html]
[laravel.spruko.com/dashfox/ltr/assets/plugins/jquery-nice-select/css/nice-select.css]
[laravel.spruko.com/dashfox/ltr/assets/plugins/Image-Zoom/css/main.css]
[laravel.spruko.com/dashfox/ltr/assets/plugins/ionicons/fonts/ionicons53d0.eot]
[laravel.spruko.com/dashfox/ltr/assets/plugins/ionicons/fonts/ionicons53d0.woff2]
[laravel.spruko.com/dashfox/ltr/assets/plugins/ionicons/fonts/ionicons53d0.woff]
[laravel.spruko.com/dashfox/ltr/assets/plugins/ionicons/fonts/ionicons53d0.ttf]
[laravel.spruko.com/dashfox/ltr/assets/plugins/ionicons/css/ionicons.min.css]
[laravel.spruko.com/dashfox/ltr/assets/plugins/typicons.font/typicons.eot]
[laravel.spruko.com/dashfox/ltr/assets/plugins/typicons.font/typiconsd41d.eot]
[laravel.spruko.com/dashfox/ltr/assets/plugins/typicons.font/typicons.woff]
[laravel.spruko.com/dashfox/ltr/assets/plugins/typicons.font/typicons.ttf]
[laravel.spruko.com/dashfox/ltr/assets/plugins/typicons.font/typicons.css]
[laravel.spruko.com/dashfox/ltr/assets/plugins/feather/fonts/feather/feather-webfont6cfa.eot]
[laravel.spruko.com/dashfox/ltr/assets/plugins/feather/fonts/feather/feather-webfont6cfa.ttf]
[laravel.spruko.com/dashfox/ltr/assets/plugins/feather/feather.css]
[laravel.spruko.com/dashfox/ltr/assets/plugins/flag-icon-css/css/flag-icon.min.css]
[laravel.spruko.com/dashfox/ltr/assets/plugins/materialdesignicons/fonts/materialdesignicons-webfontdf71.eot]
[laravel.spruko.com/dashfox/ltr/assets/plugins/materialdesignicons/fonts/materialdesignicons-webfontd41d.eot]
[laravel.spruko.com/dashfox/ltr/assets/plugins/materialdesignicons/fonts/materialdesignicons-webfontdf71.woff2]
[laravel.spruko.com/dashfox/ltr/assets/plugins/materialdesignicons/fonts/materialdesignicons/materialdesignicons-webfont.407df71.delayed]
[laravel.spruko.com/dashfox/ltr/assets/plugins/materialdesignicons/fonts/materialdesignicons/materialdesignicons-webfontdf71.ttf]
[laravel.spruko.com/dashfox/ltr/assets/plugins/materialdesignicons/fonts/materialdesignicons/materialdesignicons-webfontdf71.svg]
[laravel.spruko.com/dashfox/ltr/assets/plugins/materialdesignicons/fonts/Material-Design-Iconic-Fontd1f1.woff2]
[laravel.spruko.com/dashfox/ltr/assets/plugins/materialdesignicons/fonts/Material-Design-Iconic-Fontd1f1.woff]
[laravel.spruko.com/dashfox/ltr/assets/plugins/materialdesignicons/materialdesignicons.css]
[laravel.spruko.com/dashfox/ltr/assets/plugins/materialdesignicons/fonts/Material-Design-Iconic-Fontd1f1.ttf]
[laravel.spruko.com/dashfox/ltr/assets/plugins/themify/fonts/themify9f24.eot]
[laravel.spruko.com/dashfox/ltr/assets/plugins/themify/fonts/themifyd41d.eot]
[laravel.spruko.com/dashfox/ltr/assets/plugins/themify/fonts/themify9f24.woff]
[laravel.spruko.com/dashfox/ltr/assets/plugins/themify/fonts/themify9f24.ttf]
[laravel.spruko.com/dashfox/ltr/assets/plugins/themify/themify.css]
[laravel.spruko.com/dashfox/ltr/assets/plugins/cryptofont/fonts/cryptofont-webfont.eot]
[laravel.spruko.com/dashfox/ltr/assets/plugins/cryptofont/fonts/cryptofont-webfontd41d.eot]
[laravel.spruko.com/dashfox/ltr/assets/plugins/cryptofont/fonts/cryptofont-webfont.woff]
[laravel.spruko.com/dashfox/ltr/assets/plugins/cryptofont/fonts/cryptofont-webfont.ttf]
[laravel.spruko.com/dashfox/ltr/assets/plugins/cryptofont/css/cryptofont.min.css]
[laravel.spruko.com/dashfox/ltr/assets/plugins/line-awesome/fonts/la-brands-400.eot]
[laravel.spruko.com/dashfox/ltr/assets/plugins/line-awesome/fonts/la-brands-400d41d.eot]
[laravel.spruko.com/dashfox/ltr/assets/plugins/line-awesome/fonts/la-brands-400.woff2]
[laravel.spruko.com/dashfox/ltr/assets/plugins/line-awesome/fonts/la-brands-400.woff]
[laravel.spruko.com/dashfox/ltr/assets/plugins/line-awesome/fonts/la-brands-400.ttf]
[laravel.spruko.com/dashfox/ltr/assets/plugins/line-awesome/fonts/la-regular-400.eot]
[laravel.spruko.com/dashfox/ltr/assets/plugins/line-awesome/fonts/la-regular-400d41d.eot]
[laravel.spruko.com/dashfox/ltr/assets/plugins/line-awesome/fonts/la-regular-400.woff2]
[laravel.spruko.com/dashfox/ltr/assets/plugins/line-awesome/fonts/la-regular-400.woff]
[laravel.spruko.com/dashfox/ltr/assets/plugins/line-awesome/fonts/la-regular-400.ttf]
[laravel.spruko.com/dashfox/ltr/assets/plugins/line-awesome/fonts/la-solid-900.eot]
[laravel.spruko.com/dashfox/ltr/assets/plugins/line-awesome/fonts/la-solid-900d41d.eot]
[laravel.spruko.com/dashfox/ltr/assets/plugins/line-awesome/fonts/la-solid-900.woff2]
[laravel.spruko.com/dashfox/ltr/assets/plugins/line-awesome/fonts/la-solid-900.woff]
[laravel.spruko.com/dashfox/ltr/assets/plugins/line-awesome/fonts/la-solid-900.ttf]
[laravel.spruko.com/dashfox/ltr/assets/plugins/line-awesome/css/line-awesome.css]
[laravel.spruko.com/dashfox/ltr/assets/plugins/simple-line-icons/fonts/Simple-Line-Iconsb26c.eot]
[laravel.spruko.com/dashfox/ltr/assets/plugins/simple-line-icons/fonts/Simple-Line-Iconsb26c.woff]
[laravel.spruko.com/dashfox/ltr/assets/plugins/simple-line-icons/fonts/simple-line-icons/Simple-Line-Icons.42cb26c.delayed]
[laravel.spruko.com/dashfox/ltr/assets/plugins/simple-line-icons/fonts/simple-line-icons/Simple-Line-Iconsb26c.svg]
[laravel.spruko.com/dashfox/ltr/assets/plugins/simple-line-icons/simple-line-icons.css]
[laravel.spruko.com/dashfox/ltr/assets/plugins/owl-carousel/owl.video.play.html]
[laravel.spruko.com/dashfox/ltr/assets/switcher/images/media/bg.html]
[laravel.spruko.com/dashfox/ltr/assets/plugins/darggable/images/ui-icons_444444_256x240.html]
[laravel.spruko.com/dashfox/ltr/assets/plugins/darggable/images/ui-icons_555555_256x240.html]
[laravel.spruko.com/dashfox/ltr/assets/plugins/darggable/images/ui-icons_ffffff_256x240.html]
[laravel.spruko.com/dashfox/ltr/assets/plugins/darggable/images/ui-icons_777620_256x240.html]
[laravel.spruko.com/dashfox/ltr/assets/plugins/darggable/images/ui-icons_cc0000_256x240.html]
[laravel.spruko.com/dashfox/ltr/assets/plugins/darggable/images/ui-icons_777777_256x240.html]
[laravel.spruko.com/dashfox/ltr/assets/plugins/fontawesome-free/webfonts/fa-brands-400.svg]
[laravel.spruko.com/dashfox/ltr/assets/plugins/fontawesome-free/webfonts/fa-regular-400.svg]
[laravel.spruko.com/dashfox/ltr/assets/plugins/fontawesome-free/webfonts/fa-solid-900.svg]
[laravel.spruko.com/dashfox/ltr/assets/plugins/custom-scroll/mCSB_buttons.html]
[laravel.spruko.com/dashfox/ltr/assets/plugins/timeline/images/arrow-left.svg]
[laravel.spruko.com/dashfox/ltr/assets/plugins/timeline/images/arrow-right.svg]
[laravel.spruko.com/dashfox/ltr/assets/plugins/fileuploads/fonts/dropify.svg]
[laravel.spruko.com/dashfox/ltr/assets/plugins/gallery/fonts/lgd641.svg]
[laravel.spruko.com/dashfox/ltr/assets/plugins/img/vimeo-play.html]
[laravel.spruko.com/dashfox/ltr/assets/plugins/img/video-play.html]
[laravel.spruko.com/dashfox/ltr/assets/plugins/img/youtube-play.html]
[laravel.spruko.com/dashfox/ltr/assets/plugins/ionicons/fonts/ionicons53d0.svg]
[laravel.spruko.com/dashfox/ltr/assets/plugins/typicons.font/typicons.svg]
[laravel.spruko.com/dashfox/ltr/assets/plugins/feather/fonts/feather/feather-webfont6cfa.svg]
[laravel.spruko.com/dashfox/ltr/assets/plugins/flag-icon-css/flags/4x3/ad.svg]
[laravel.spruko.com/dashfox/ltr/assets/plugins/flag-icon-css/flags/1x1/ad.svg]
[laravel.spruko.com/dashfox/ltr/assets/plugins/flag-icon-css/flags/4x3/ae.svg]
[laravel.spruko.com/dashfox/ltr/assets/plugins/flag-icon-css/flags/1x1/ae.svg]
[laravel.spruko.com/dashfox/ltr/assets/plugins/flag-icon-css/flags/4x3/af.svg]
[laravel.spruko.com/dashfox/ltr/assets/plugins/flag-icon-css/flags/1x1/af.svg]
[laravel.spruko.com/dashfox/ltr/assets/plugins/flag-icon-css/flags/4x3/ag.svg]
[laravel.spruko.com/dashfox/ltr/assets/plugins/flag-icon-css/flags/1x1/ag.svg]
[laravel.spruko.com/dashfox/ltr/assets/plugins/flag-icon-css/flags/4x3/ai.svg]
[laravel.spruko.com/dashfox/ltr/assets/plugins/flag-icon-css/flags/1x1/ai.svg]
[laravel.spruko.com/dashfox/ltr/assets/plugins/flag-icon-css/flags/4x3/al.svg]
[laravel.spruko.com/dashfox/ltr/assets/plugins/flag-icon-css/flags/1x1/al.svg]
[laravel.spruko.com/dashfox/ltr/assets/plugins/flag-icon-css/flags/4x3/am.svg]
[laravel.spruko.com/dashfox/ltr/assets/plugins/flag-icon-css/flags/1x1/am.svg]
[laravel.spruko.com/dashfox/ltr/assets/plugins/flag-icon-css/flags/4x3/ao.svg]
[laravel.spruko.com/dashfox/ltr/assets/plugins/flag-icon-css/flags/1x1/ao.svg]
[laravel.spruko.com/dashfox/ltr/assets/plugins/flag-icon-css/flags/4x3/aq.svg]
[laravel.spruko.com/dashfox/ltr/assets/plugins/flag-icon-css/flags/1x1/aq.svg]
[laravel.spruko.com/dashfox/ltr/assets/plugins/flag-icon-css/flags/4x3/ar.svg]
[laravel.spruko.com/dashfox/ltr/assets/plugins/flag-icon-css/flags/1x1/ar.svg]
[laravel.spruko.com/dashfox/ltr/assets/plugins/flag-icon-css/flags/4x3/as.svg]
[laravel.spruko.com/dashfox/ltr/assets/plugins/flag-icon-css/flags/1x1/as.svg]
[laravel.spruko.com/dashfox/ltr/assets/plugins/flag-icon-css/flags/4x3/at.svg]
[laravel.spruko.com/dashfox/ltr/assets/plugins/flag-icon-css/flags/1x1/at.svg]
[laravel.spruko.com/dashfox/ltr/assets/plugins/flag-icon-css/flags/4x3/au.svg]
[laravel.spruko.com/dashfox/ltr/assets/plugins/flag-icon-css/flags/1x1/au.svg]
[laravel.spruko.com/dashfox/ltr/assets/plugins/flag-icon-css/flags/4x3/aw.svg]
[laravel.spruko.com/dashfox/ltr/assets/plugins/flag-icon-css/flags/1x1/aw.svg]
[laravel.spruko.com/dashfox/ltr/assets/plugins/flag-icon-css/flags/4x3/ax.svg]
[laravel.spruko.com/dashfox/ltr/assets/plugins/flag-icon-css/flags/1x1/ax.svg]
[laravel.spruko.com/dashfox/ltr/assets/plugins/flag-icon-css/flags/4x3/az.svg]
[laravel.spruko.com/dashfox/ltr/assets/plugins/flag-icon-css/flags/1x1/az.svg]
[laravel.spruko.com/dashfox/ltr/assets/plugins/flag-icon-css/flags/4x3/ba.svg]
[laravel.spruko.com/dashfox/ltr/assets/plugins/flag-icon-css/flags/1x1/ba.svg]
[laravel.spruko.com/dashfox/ltr/assets/plugins/flag-icon-css/flags/4x3/bb.svg]
[laravel.spruko.com/dashfox/ltr/assets/plugins/flag-icon-css/flags/1x1/bb.svg]
[laravel.spruko.com/dashfox/ltr/assets/plugins/flag-icon-css/flags/4x3/bd.svg]
[laravel.spruko.com/dashfox/ltr/assets/plugins/flag-icon-css/flags/1x1/bd.svg]
[laravel.spruko.com/dashfox/ltr/assets/plugins/flag-icon-css/flags/4x3/be.svg]
[laravel.spruko.com/dashfox/ltr/assets/plugins/flag-icon-css/flags/1x1/be.svg]
[laravel.spruko.com/dashfox/ltr/assets/plugins/flag-icon-css/flags/4x3/bf.svg]
[laravel.spruko.com/dashfox/ltr/assets/plugins/flag-icon-css/flags/1x1/bf.svg]
[laravel.spruko.com/dashfox/ltr/assets/plugins/flag-icon-css/flags/4x3/bg.svg]
[laravel.spruko.com/dashfox/ltr/assets/plugins/flag-icon-css/flags/1x1/bg.svg]
[laravel.spruko.com/dashfox/ltr/assets/plugins/flag-icon-css/flags/4x3/bh.svg]
[laravel.spruko.com/dashfox/ltr/assets/plugins/flag-icon-css/flags/1x1/bh.svg]
[laravel.spruko.com/dashfox/ltr/assets/plugins/flag-icon-css/flags/4x3/bi.svg]
[laravel.spruko.com/dashfox/ltr/assets/plugins/flag-icon-css/flags/1x1/bi.svg]
[laravel.spruko.com/dashfox/ltr/assets/plugins/flag-icon-css/flags/4x3/bj.svg]
[laravel.spruko.com/dashfox/ltr/assets/plugins/flag-icon-css/flags/1x1/bj.svg]
[laravel.spruko.com/dashfox/ltr/assets/plugins/flag-icon-css/flags/4x3/bl.svg]
[laravel.spruko.com/dashfox/ltr/assets/plugins/flag-icon-css/flags/1x1/bl.svg]
[laravel.spruko.com/dashfox/ltr/assets/plugins/flag-icon-css/flags/4x3/bm.svg]
[laravel.spruko.com/dashfox/ltr/assets/plugins/flag-icon-css/flags/1x1/bm.svg]
[laravel.spruko.com/dashfox/ltr/assets/plugins/flag-icon-css/flags/4x3/bn.svg]
[laravel.spruko.com/dashfox/ltr/assets/plugins/flag-icon-css/flags/1x1/bn.svg]
[laravel.spruko.com/dashfox/ltr/assets/plugins/flag-icon-css/flags/4x3/bo.svg]
[laravel.spruko.com/dashfox/ltr/assets/plugins/flag-icon-css/flags/1x1/bo.svg]
[laravel.spruko.com/dashfox/ltr/assets/plugins/flag-icon-css/flags/4x3/bq.svg]
[laravel.spruko.com/dashfox/ltr/assets/plugins/flag-icon-css/flags/1x1/bq.svg]
[laravel.spruko.com/dashfox/ltr/assets/plugins/flag-icon-css/flags/4x3/br.svg]
[laravel.spruko.com/dashfox/ltr/assets/plugins/flag-icon-css/flags/1x1/br.svg]
[laravel.spruko.com/dashfox/ltr/assets/plugins/flag-icon-css/flags/4x3/bs.svg]
[laravel.spruko.com/dashfox/ltr/assets/plugins/flag-icon-css/flags/1x1/bs.svg]
[laravel.spruko.com/dashfox/ltr/assets/plugins/flag-icon-css/flags/4x3/bt.svg]
[laravel.spruko.com/dashfox/ltr/assets/plugins/flag-icon-css/flags/1x1/bt.svg]
[laravel.spruko.com/dashfox/ltr/assets/plugins/flag-icon-css/flags/4x3/bv.svg]
[laravel.spruko.com/dashfox/ltr/assets/plugins/flag-icon-css/flags/1x1/bv.svg]
[laravel.spruko.com/dashfox/ltr/assets/plugins/flag-icon-css/flags/4x3/bw.svg]
[laravel.spruko.com/dashfox/ltr/assets/plugins/flag-icon-css/flags/1x1/bw.svg]
[laravel.spruko.com/dashfox/ltr/assets/plugins/flag-icon-css/flags/4x3/by.svg]
[laravel.spruko.com/dashfox/ltr/assets/plugins/flag-icon-css/flags/1x1/by.svg]
[laravel.spruko.com/dashfox/ltr/assets/plugins/flag-icon-css/flags/4x3/bz.svg]
[laravel.spruko.com/dashfox/ltr/assets/plugins/flag-icon-css/flags/1x1/bz.svg]
[laravel.spruko.com/dashfox/ltr/assets/plugins/flag-icon-css/flags/4x3/ca.svg]
[laravel.spruko.com/dashfox/ltr/assets/plugins/flag-icon-css/flags/1x1/ca.svg]
[laravel.spruko.com/dashfox/ltr/assets/plugins/flag-icon-css/flags/4x3/cc.svg]
[laravel.spruko.com/dashfox/ltr/assets/plugins/flag-icon-css/flags/1x1/cc.svg]
[laravel.spruko.com/dashfox/ltr/assets/plugins/flag-icon-css/flags/4x3/cd.svg]
[laravel.spruko.com/dashfox/ltr/assets/plugins/flag-icon-css/flags/1x1/cd.svg]
[laravel.spruko.com/dashfox/ltr/assets/plugins/flag-icon-css/flags/4x3/cf.svg]
[laravel.spruko.com/dashfox/ltr/assets/plugins/flag-icon-css/flags/1x1/cf.svg]
[laravel.spruko.com/dashfox/ltr/assets/plugins/flag-icon-css/flags/4x3/cg.svg]
[laravel.spruko.com/dashfox/ltr/assets/plugins/flag-icon-css/flags/1x1/cg.svg]
[laravel.spruko.com/dashfox/ltr/assets/plugins/flag-icon-css/flags/4x3/ch.svg]
[laravel.spruko.com/dashfox/ltr/assets/plugins/flag-icon-css/flags/1x1/ch.svg]
[laravel.spruko.com/dashfox/ltr/assets/plugins/flag-icon-css/flags/4x3/ci.svg]
[laravel.spruko.com/dashfox/ltr/assets/plugins/flag-icon-css/flags/1x1/ci.svg]
[laravel.spruko.com/dashfox/ltr/assets/plugins/flag-icon-css/flags/4x3/ck.svg]
[laravel.spruko.com/dashfox/ltr/assets/plugins/flag-icon-css/flags/1x1/ck.svg]
[laravel.spruko.com/dashfox/ltr/assets/plugins/flag-icon-css/flags/4x3/cl.svg]
[laravel.spruko.com/dashfox/ltr/assets/plugins/flag-icon-css/flags/1x1/cl.svg]
[laravel.spruko.com/dashfox/ltr/assets/plugins/flag-icon-css/flags/4x3/cm.svg]
[laravel.spruko.com/dashfox/ltr/assets/plugins/flag-icon-css/flags/1x1/cm.svg]
[laravel.spruko.com/dashfox/ltr/assets/plugins/flag-icon-css/flags/4x3/cn.svg]
[laravel.spruko.com/dashfox/ltr/assets/plugins/flag-icon-css/flags/1x1/cn.svg]
[laravel.spruko.com/dashfox/ltr/assets/plugins/flag-icon-css/flags/4x3/co.svg]
[laravel.spruko.com/dashfox/ltr/assets/plugins/flag-icon-css/flags/1x1/co.svg]
[laravel.spruko.com/dashfox/ltr/assets/plugins/flag-icon-css/flags/4x3/cr.svg]
[laravel.spruko.com/dashfox/ltr/assets/plugins/flag-icon-css/flags/1x1/cr.svg]
[laravel.spruko.com/dashfox/ltr/assets/plugins/flag-icon-css/flags/4x3/cu.svg]
[laravel.spruko.com/dashfox/ltr/assets/plugins/flag-icon-css/flags/1x1/cu.svg]
[laravel.spruko.com/dashfox/ltr/assets/plugins/flag-icon-css/flags/4x3/cv.svg]
[laravel.spruko.com/dashfox/ltr/assets/plugins/flag-icon-css/flags/1x1/cv.svg]
[laravel.spruko.com/dashfox/ltr/assets/plugins/flag-icon-css/flags/4x3/cw.svg]
[laravel.spruko.com/dashfox/ltr/assets/plugins/flag-icon-css/flags/1x1/cw.svg]
[laravel.spruko.com/dashfox/ltr/assets/plugins/flag-icon-css/flags/4x3/cx.svg]
[laravel.spruko.com/dashfox/ltr/assets/plugins/flag-icon-css/flags/1x1/cx.svg]
[laravel.spruko.com/dashfox/ltr/assets/plugins/flag-icon-css/flags/4x3/cy.svg]
[laravel.spruko.com/dashfox/ltr/assets/plugins/flag-icon-css/flags/1x1/cy.svg]
[laravel.spruko.com/dashfox/ltr/assets/plugins/flag-icon-css/flags/4x3/cz.svg]
[laravel.spruko.com/dashfox/ltr/assets/plugins/flag-icon-css/flags/1x1/cz.svg]
[laravel.spruko.com/dashfox/ltr/assets/plugins/flag-icon-css/flags/4x3/de.svg]
[laravel.spruko.com/dashfox/ltr/assets/plugins/flag-icon-css/flags/1x1/de.svg]
[laravel.spruko.com/dashfox/ltr/assets/plugins/flag-icon-css/flags/4x3/dj.svg]
[laravel.spruko.com/dashfox/ltr/assets/plugins/flag-icon-css/flags/1x1/dj.svg]
[laravel.spruko.com/dashfox/ltr/assets/plugins/flag-icon-css/flags/4x3/dk.svg]
[laravel.spruko.com/dashfox/ltr/assets/plugins/flag-icon-css/flags/1x1/dk.svg]
[laravel.spruko.com/dashfox/ltr/assets/plugins/flag-icon-css/flags/4x3/dm.svg]
[laravel.spruko.com/dashfox/ltr/assets/plugins/flag-icon-css/flags/1x1/dm.svg]
[laravel.spruko.com/dashfox/ltr/assets/plugins/flag-icon-css/flags/4x3/do.svg]
[laravel.spruko.com/dashfox/ltr/assets/plugins/flag-icon-css/flags/1x1/do.svg]
[laravel.spruko.com/dashfox/ltr/assets/plugins/flag-icon-css/flags/4x3/dz.svg]
[laravel.spruko.com/dashfox/ltr/assets/plugins/flag-icon-css/flags/1x1/dz.svg]
[laravel.spruko.com/dashfox/ltr/assets/plugins/flag-icon-css/flags/4x3/ec.svg]
[laravel.spruko.com/dashfox/ltr/assets/plugins/flag-icon-css/flags/1x1/ec.svg]
[laravel.spruko.com/dashfox/ltr/assets/plugins/flag-icon-css/flags/4x3/ee.svg]
[laravel.spruko.com/dashfox/ltr/assets/plugins/flag-icon-css/flags/1x1/ee.svg]
[laravel.spruko.com/dashfox/ltr/assets/plugins/flag-icon-css/flags/4x3/eg.svg]
[laravel.spruko.com/dashfox/ltr/assets/plugins/flag-icon-css/flags/1x1/eg.svg]
[laravel.spruko.com/dashfox/ltr/assets/plugins/flag-icon-css/flags/4x3/eh.svg]
[laravel.spruko.com/dashfox/ltr/assets/plugins/flag-icon-css/flags/1x1/eh.svg]
[laravel.spruko.com/dashfox/ltr/assets/plugins/flag-icon-css/flags/4x3/er.svg]
[laravel.spruko.com/dashfox/ltr/assets/plugins/flag-icon-css/flags/1x1/er.svg]
[laravel.spruko.com/dashfox/ltr/assets/plugins/flag-icon-css/flags/4x3/es.svg]
[laravel.spruko.com/dashfox/ltr/assets/plugins/flag-icon-css/flags/1x1/es.svg]
[laravel.spruko.com/dashfox/ltr/assets/plugins/flag-icon-css/flags/4x3/et.svg]
[laravel.spruko.com/dashfox/ltr/assets/plugins/flag-icon-css/flags/1x1/et.svg]
[laravel.spruko.com/dashfox/ltr/assets/plugins/flag-icon-css/flags/4x3/fi.svg]
[laravel.spruko.com/dashfox/ltr/assets/plugins/flag-icon-css/flags/1x1/fi.svg]
[laravel.spruko.com/dashfox/ltr/assets/plugins/flag-icon-css/flags/4x3/fj.svg]
[laravel.spruko.com/dashfox/ltr/assets/plugins/flag-icon-css/flags/1x1/fj.svg]
[laravel.spruko.com/dashfox/ltr/assets/plugins/flag-icon-css/flags/4x3/fk.svg]
[laravel.spruko.com/dashfox/ltr/assets/plugins/flag-icon-css/flags/1x1/fk.svg]
[laravel.spruko.com/dashfox/ltr/assets/plugins/flag-icon-css/flags/4x3/fm.svg]
[laravel.spruko.com/dashfox/ltr/assets/plugins/flag-icon-css/flags/1x1/fm.svg]
[laravel.spruko.com/dashfox/ltr/assets/plugins/flag-icon-css/flags/4x3/fo.svg]
[laravel.spruko.com/dashfox/ltr/assets/plugins/flag-icon-css/flags/1x1/fo.svg]
[laravel.spruko.com/dashfox/ltr/assets/plugins/flag-icon-css/flags/4x3/fr.svg]
[laravel.spruko.com/dashfox/ltr/assets/plugins/flag-icon-css/flags/1x1/fr.svg]
[laravel.spruko.com/dashfox/ltr/assets/plugins/flag-icon-css/flags/4x3/ga.svg]
[laravel.spruko.com/dashfox/ltr/assets/plugins/flag-icon-css/flags/1x1/ga.svg]
[laravel.spruko.com/dashfox/ltr/assets/plugins/flag-icon-css/flags/4x3/gb.svg]
[laravel.spruko.com/dashfox/ltr/assets/plugins/flag-icon-css/flags/1x1/gb.svg]
[laravel.spruko.com/dashfox/ltr/assets/plugins/flag-icon-css/flags/4x3/gd.svg]
[laravel.spruko.com/dashfox/ltr/assets/plugins/flag-icon-css/flags/1x1/gd.svg]
[laravel.spruko.com/dashfox/ltr/assets/plugins/flag-icon-css/flags/4x3/ge.svg]
[laravel.spruko.com/dashfox/ltr/assets/plugins/flag-icon-css/flags/1x1/ge.svg]
[laravel.spruko.com/dashfox/ltr/assets/plugins/flag-icon-css/flags/4x3/gf.svg]
[laravel.spruko.com/dashfox/ltr/assets/plugins/flag-icon-css/flags/1x1/gf.svg]
[laravel.spruko.com/dashfox/ltr/assets/plugins/flag-icon-css/flags/4x3/gg.svg]
[laravel.spruko.com/dashfox/ltr/assets/plugins/flag-icon-css/flags/1x1/gg.svg]
[laravel.spruko.com/dashfox/ltr/assets/plugins/flag-icon-css/flags/4x3/gh.svg]
[laravel.spruko.com/dashfox/ltr/assets/plugins/flag-icon-css/flags/1x1/gh.svg]
[laravel.spruko.com/dashfox/ltr/assets/plugins/flag-icon-css/flags/4x3/gi.svg]
[laravel.spruko.com/dashfox/ltr/assets/plugins/flag-icon-css/flags/1x1/gi.svg]
[laravel.spruko.com/dashfox/ltr/assets/plugins/flag-icon-css/flags/4x3/gl.svg]
[laravel.spruko.com/dashfox/ltr/assets/plugins/flag-icon-css/flags/1x1/gl.svg]
[laravel.spruko.com/dashfox/ltr/assets/plugins/flag-icon-css/flags/4x3/gm.svg]
[laravel.spruko.com/dashfox/ltr/assets/plugins/flag-icon-css/flags/1x1/gm.svg]
[laravel.spruko.com/dashfox/ltr/assets/plugins/flag-icon-css/flags/4x3/gn.svg]
[laravel.spruko.com/dashfox/ltr/assets/plugins/flag-icon-css/flags/1x1/gn.svg]
[laravel.spruko.com/dashfox/ltr/assets/plugins/flag-icon-css/flags/4x3/gp.svg]
[laravel.spruko.com/dashfox/ltr/assets/plugins/flag-icon-css/flags/1x1/gp.svg]
[laravel.spruko.com/dashfox/ltr/assets/plugins/flag-icon-css/flags/4x3/gq.svg]
[laravel.spruko.com/dashfox/ltr/assets/plugins/flag-icon-css/flags/1x1/gq.svg]
[laravel.spruko.com/dashfox/ltr/assets/plugins/flag-icon-css/flags/4x3/gr.svg]
[laravel.spruko.com/dashfox/ltr/assets/plugins/flag-icon-css/flags/1x1/gr.svg]
[laravel.spruko.com/dashfox/ltr/assets/plugins/flag-icon-css/flags/4x3/gs.svg]
[laravel.spruko.com/dashfox/ltr/assets/plugins/flag-icon-css/flags/1x1/gs.svg]
[laravel.spruko.com/dashfox/ltr/assets/plugins/flag-icon-css/flags/4x3/gt.svg]
[laravel.spruko.com/dashfox/ltr/assets/plugins/flag-icon-css/flags/1x1/gt.svg]
[laravel.spruko.com/dashfox/ltr/assets/plugins/flag-icon-css/flags/4x3/gu.svg]
[laravel.spruko.com/dashfox/ltr/assets/plugins/flag-icon-css/flags/1x1/gu.svg]
[laravel.spruko.com/dashfox/ltr/assets/plugins/flag-icon-css/flags/4x3/gw.svg]
[laravel.spruko.com/dashfox/ltr/assets/plugins/flag-icon-css/flags/1x1/gw.svg]
[laravel.spruko.com/dashfox/ltr/assets/plugins/flag-icon-css/flags/4x3/gy.svg]
[laravel.spruko.com/dashfox/ltr/assets/plugins/flag-icon-css/flags/1x1/gy.svg]
[laravel.spruko.com/dashfox/ltr/assets/plugins/flag-icon-css/flags/4x3/hk.svg]
[laravel.spruko.com/dashfox/ltr/assets/plugins/flag-icon-css/flags/1x1/hk.svg]
[laravel.spruko.com/dashfox/ltr/assets/plugins/flag-icon-css/flags/4x3/hm.svg]
[laravel.spruko.com/dashfox/ltr/assets/plugins/flag-icon-css/flags/1x1/hm.svg]
[laravel.spruko.com/dashfox/ltr/assets/plugins/flag-icon-css/flags/4x3/hn.svg]
[laravel.spruko.com/dashfox/ltr/assets/plugins/flag-icon-css/flags/1x1/hn.svg]
[laravel.spruko.com/dashfox/ltr/assets/plugins/flag-icon-css/flags/4x3/hr.svg]
[laravel.spruko.com/dashfox/ltr/assets/plugins/flag-icon-css/flags/1x1/hr.svg]
[laravel.spruko.com/dashfox/ltr/assets/plugins/flag-icon-css/flags/4x3/ht.svg]
[laravel.spruko.com/dashfox/ltr/assets/plugins/flag-icon-css/flags/1x1/ht.svg]
[laravel.spruko.com/dashfox/ltr/assets/plugins/flag-icon-css/flags/4x3/hu.svg]
[laravel.spruko.com/dashfox/ltr/assets/plugins/flag-icon-css/flags/1x1/hu.svg]
[laravel.spruko.com/dashfox/ltr/assets/plugins/flag-icon-css/flags/4x3/id.svg]
[laravel.spruko.com/dashfox/ltr/assets/plugins/flag-icon-css/flags/1x1/id.svg]
[laravel.spruko.com/dashfox/ltr/assets/plugins/flag-icon-css/flags/4x3/ie.svg]
[laravel.spruko.com/dashfox/ltr/assets/plugins/flag-icon-css/flags/1x1/ie.svg]
[laravel.spruko.com/dashfox/ltr/assets/plugins/flag-icon-css/flags/4x3/il.svg]
[laravel.spruko.com/dashfox/ltr/assets/plugins/flag-icon-css/flags/1x1/il.svg]
[laravel.spruko.com/dashfox/ltr/assets/plugins/flag-icon-css/flags/4x3/im.svg]
[laravel.spruko.com/dashfox/ltr/assets/plugins/flag-icon-css/flags/1x1/im.svg]
[laravel.spruko.com/dashfox/ltr/assets/plugins/flag-icon-css/flags/4x3/in.svg]
[laravel.spruko.com/dashfox/ltr/assets/plugins/flag-icon-css/flags/1x1/in.svg]
[laravel.spruko.com/dashfox/ltr/assets/plugins/flag-icon-css/flags/4x3/io.svg]
[laravel.spruko.com/dashfox/ltr/assets/plugins/flag-icon-css/flags/1x1/io.svg]
[laravel.spruko.com/dashfox/ltr/assets/plugins/flag-icon-css/flags/4x3/iq.svg]
[laravel.spruko.com/dashfox/ltr/assets/plugins/flag-icon-css/flags/1x1/iq.svg]
[laravel.spruko.com/dashfox/ltr/assets/plugins/flag-icon-css/flags/4x3/ir.svg]
[laravel.spruko.com/dashfox/ltr/assets/plugins/flag-icon-css/flags/1x1/ir.svg]
[laravel.spruko.com/dashfox/ltr/assets/plugins/flag-icon-css/flags/4x3/is.svg]
[laravel.spruko.com/dashfox/ltr/assets/plugins/flag-icon-css/flags/1x1/is.svg]
[laravel.spruko.com/dashfox/ltr/assets/plugins/flag-icon-css/flags/4x3/it.svg]
[laravel.spruko.com/dashfox/ltr/assets/plugins/flag-icon-css/flags/1x1/it.svg]
[laravel.spruko.com/dashfox/ltr/assets/plugins/flag-icon-css/flags/4x3/je.svg]
[laravel.spruko.com/dashfox/ltr/assets/plugins/flag-icon-css/flags/1x1/je.svg]
[laravel.spruko.com/dashfox/ltr/assets/plugins/flag-icon-css/flags/4x3/jm.svg]
[laravel.spruko.com/dashfox/ltr/assets/plugins/flag-icon-css/flags/1x1/jm.svg]
[laravel.spruko.com/dashfox/ltr/assets/plugins/flag-icon-css/flags/4x3/jo.svg]
[laravel.spruko.com/dashfox/ltr/assets/plugins/flag-icon-css/flags/1x1/jo.svg]
[laravel.spruko.com/dashfox/ltr/assets/plugins/flag-icon-css/flags/4x3/jp.svg]
[laravel.spruko.com/dashfox/ltr/assets/plugins/flag-icon-css/flags/1x1/jp.svg]
[laravel.spruko.com/dashfox/ltr/assets/plugins/flag-icon-css/flags/4x3/ke.svg]
[laravel.spruko.com/dashfox/ltr/assets/plugins/flag-icon-css/flags/1x1/ke.svg]
[laravel.spruko.com/dashfox/ltr/assets/plugins/flag-icon-css/flags/4x3/kg.svg]
[laravel.spruko.com/dashfox/ltr/assets/plugins/flag-icon-css/flags/1x1/kg.svg]
[laravel.spruko.com/dashfox/ltr/assets/plugins/flag-icon-css/flags/4x3/kh.svg]
[laravel.spruko.com/dashfox/ltr/assets/plugins/flag-icon-css/flags/1x1/kh.svg]
[laravel.spruko.com/dashfox/ltr/assets/plugins/flag-icon-css/flags/4x3/ki.svg]
[laravel.spruko.com/dashfox/ltr/assets/plugins/flag-icon-css/flags/1x1/ki.svg]
[laravel.spruko.com/dashfox/ltr/assets/plugins/flag-icon-css/flags/4x3/km.svg]
[laravel.spruko.com/dashfox/ltr/assets/plugins/flag-icon-css/flags/1x1/km.svg]
[laravel.spruko.com/dashfox/ltr/assets/plugins/flag-icon-css/flags/4x3/kn.svg]
[laravel.spruko.com/dashfox/ltr/assets/plugins/flag-icon-css/flags/1x1/kn.svg]
[laravel.spruko.com/dashfox/ltr/assets/plugins/flag-icon-css/flags/4x3/kp.svg]
[laravel.spruko.com/dashfox/ltr/assets/plugins/flag-icon-css/flags/1x1/kp.svg]
[laravel.spruko.com/dashfox/ltr/assets/plugins/flag-icon-css/flags/4x3/kr.svg]
[laravel.spruko.com/dashfox/ltr/assets/plugins/flag-icon-css/flags/1x1/kr.svg]
[laravel.spruko.com/dashfox/ltr/assets/plugins/flag-icon-css/flags/4x3/kw.svg]
[laravel.spruko.com/dashfox/ltr/assets/plugins/flag-icon-css/flags/1x1/kw.svg]
[laravel.spruko.com/dashfox/ltr/assets/plugins/flag-icon-css/flags/4x3/ky.svg]
[laravel.spruko.com/dashfox/ltr/assets/plugins/flag-icon-css/flags/1x1/ky.svg]
[laravel.spruko.com/dashfox/ltr/assets/plugins/flag-icon-css/flags/4x3/kz.svg]
[laravel.spruko.com/dashfox/ltr/assets/plugins/flag-icon-css/flags/1x1/kz.svg]
[laravel.spruko.com/dashfox/ltr/assets/plugins/flag-icon-css/flags/4x3/la.svg]
[laravel.spruko.com/dashfox/ltr/assets/plugins/flag-icon-css/flags/1x1/la.svg]
[laravel.spruko.com/dashfox/ltr/assets/plugins/flag-icon-css/flags/4x3/lb.svg]
[laravel.spruko.com/dashfox/ltr/assets/plugins/flag-icon-css/flags/1x1/lb.svg]
[laravel.spruko.com/dashfox/ltr/assets/plugins/flag-icon-css/flags/4x3/lc.svg]
[laravel.spruko.com/dashfox/ltr/assets/plugins/flag-icon-css/flags/1x1/lc.svg]
[laravel.spruko.com/dashfox/ltr/assets/plugins/flag-icon-css/flags/4x3/li.svg]
[laravel.spruko.com/dashfox/ltr/assets/plugins/flag-icon-css/flags/1x1/li.svg]
[laravel.spruko.com/dashfox/ltr/assets/plugins/flag-icon-css/flags/4x3/lk.svg]
[laravel.spruko.com/dashfox/ltr/assets/plugins/flag-icon-css/flags/1x1/lk.svg]
[laravel.spruko.com/dashfox/ltr/assets/plugins/flag-icon-css/flags/4x3/lr.svg]
[laravel.spruko.com/dashfox/ltr/assets/plugins/flag-icon-css/flags/1x1/lr.svg]
[laravel.spruko.com/dashfox/ltr/assets/plugins/flag-icon-css/flags/4x3/ls.svg]
[laravel.spruko.com/dashfox/ltr/assets/plugins/flag-icon-css/flags/1x1/ls.svg]
[laravel.spruko.com/dashfox/ltr/assets/plugins/flag-icon-css/flags/4x3/lt.svg]
[laravel.spruko.com/dashfox/ltr/assets/plugins/flag-icon-css/flags/1x1/lt.svg]
[laravel.spruko.com/dashfox/ltr/assets/plugins/flag-icon-css/flags/4x3/lu.svg]
[laravel.spruko.com/dashfox/ltr/assets/plugins/flag-icon-css/flags/1x1/lu.svg]
[laravel.spruko.com/dashfox/ltr/assets/plugins/flag-icon-css/flags/4x3/lv.svg]
[laravel.spruko.com/dashfox/ltr/assets/plugins/flag-icon-css/flags/1x1/lv.svg]
[laravel.spruko.com/dashfox/ltr/assets/plugins/flag-icon-css/flags/4x3/ly.svg]
[laravel.spruko.com/dashfox/ltr/assets/plugins/flag-icon-css/flags/1x1/ly.svg]
[laravel.spruko.com/dashfox/ltr/assets/plugins/flag-icon-css/flags/4x3/ma.svg]
[laravel.spruko.com/dashfox/ltr/assets/plugins/flag-icon-css/flags/1x1/ma.svg]
[laravel.spruko.com/dashfox/ltr/assets/plugins/flag-icon-css/flags/4x3/mc.svg]
[laravel.spruko.com/dashfox/ltr/assets/plugins/flag-icon-css/flags/1x1/mc.svg]
[laravel.spruko.com/dashfox/ltr/assets/plugins/flag-icon-css/flags/4x3/md.svg]
[laravel.spruko.com/dashfox/ltr/assets/plugins/flag-icon-css/flags/1x1/md.svg]
[laravel.spruko.com/dashfox/ltr/assets/plugins/flag-icon-css/flags/4x3/me.svg]
[laravel.spruko.com/dashfox/ltr/assets/plugins/flag-icon-css/flags/1x1/me.svg]
[laravel.spruko.com/dashfox/ltr/assets/plugins/flag-icon-css/flags/4x3/mf.svg]
[laravel.spruko.com/dashfox/ltr/assets/plugins/flag-icon-css/flags/1x1/mf.svg]
[laravel.spruko.com/dashfox/ltr/assets/plugins/flag-icon-css/flags/4x3/mg.svg]
[laravel.spruko.com/dashfox/ltr/assets/plugins/flag-icon-css/flags/1x1/mg.svg]
[laravel.spruko.com/dashfox/ltr/assets/plugins/flag-icon-css/flags/4x3/mh.svg]
[laravel.spruko.com/dashfox/ltr/assets/plugins/flag-icon-css/flags/1x1/mh.svg]
[laravel.spruko.com/dashfox/ltr/assets/plugins/flag-icon-css/flags/4x3/mk.svg]
[laravel.spruko.com/dashfox/ltr/assets/plugins/flag-icon-css/flags/1x1/mk.svg]
[laravel.spruko.com/dashfox/ltr/assets/plugins/flag-icon-css/flags/4x3/ml.svg]
[laravel.spruko.com/dashfox/ltr/assets/plugins/flag-icon-css/flags/1x1/ml.svg]
[laravel.spruko.com/dashfox/ltr/assets/plugins/flag-icon-css/flags/4x3/mm.svg]
[laravel.spruko.com/dashfox/ltr/assets/plugins/flag-icon-css/flags/1x1/mm.svg]
[laravel.spruko.com/dashfox/ltr/assets/plugins/flag-icon-css/flags/4x3/mn.svg]
[laravel.spruko.com/dashfox/ltr/assets/plugins/flag-icon-css/flags/1x1/mn.svg]
[laravel.spruko.com/dashfox/ltr/assets/plugins/flag-icon-css/flags/4x3/mo.svg]
[laravel.spruko.com/dashfox/ltr/assets/plugins/flag-icon-css/flags/1x1/mo.svg]
[laravel.spruko.com/dashfox/ltr/assets/plugins/flag-icon-css/flags/4x3/mp.svg]
[laravel.spruko.com/dashfox/ltr/assets/plugins/flag-icon-css/flags/1x1/mp.svg]
[laravel.spruko.com/dashfox/ltr/assets/plugins/flag-icon-css/flags/4x3/mq.svg]
[laravel.spruko.com/dashfox/ltr/assets/plugins/flag-icon-css/flags/1x1/mq.svg]
[laravel.spruko.com/dashfox/ltr/assets/plugins/flag-icon-css/flags/4x3/mr.svg]
[laravel.spruko.com/dashfox/ltr/assets/plugins/flag-icon-css/flags/1x1/mr.svg]
[laravel.spruko.com/dashfox/ltr/assets/plugins/flag-icon-css/flags/4x3/ms.svg]
[laravel.spruko.com/dashfox/ltr/assets/plugins/flag-icon-css/flags/1x1/ms.svg]
[laravel.spruko.com/dashfox/ltr/assets/plugins/flag-icon-css/flags/4x3/mt.svg]
[laravel.spruko.com/dashfox/ltr/assets/plugins/flag-icon-css/flags/1x1/mt.svg]
[laravel.spruko.com/dashfox/ltr/assets/plugins/flag-icon-css/flags/4x3/mu.svg]
[laravel.spruko.com/dashfox/ltr/assets/plugins/flag-icon-css/flags/1x1/mu.svg]
[laravel.spruko.com/dashfox/ltr/assets/plugins/flag-icon-css/flags/4x3/mv.svg]
[laravel.spruko.com/dashfox/ltr/assets/plugins/flag-icon-css/flags/1x1/mv.svg]
[laravel.spruko.com/dashfox/ltr/assets/plugins/flag-icon-css/flags/4x3/mw.svg]
[laravel.spruko.com/dashfox/ltr/assets/plugins/flag-icon-css/flags/1x1/mw.svg]
[laravel.spruko.com/dashfox/ltr/assets/plugins/flag-icon-css/flags/4x3/mx.svg]
[laravel.spruko.com/dashfox/ltr/assets/plugins/flag-icon-css/flags/1x1/mx.svg]
[laravel.spruko.com/dashfox/ltr/assets/plugins/flag-icon-css/flags/4x3/my.svg]
[laravel.spruko.com/dashfox/ltr/assets/plugins/flag-icon-css/flags/1x1/my.svg]
[laravel.spruko.com/dashfox/ltr/assets/plugins/flag-icon-css/flags/4x3/mz.svg]
[laravel.spruko.com/dashfox/ltr/assets/plugins/flag-icon-css/flags/1x1/mz.svg]
[laravel.spruko.com/dashfox/ltr/assets/plugins/flag-icon-css/flags/4x3/na.svg]
[laravel.spruko.com/dashfox/ltr/assets/plugins/flag-icon-css/flags/1x1/na.svg]
[laravel.spruko.com/dashfox/ltr/assets/plugins/flag-icon-css/flags/4x3/nc.svg]
[laravel.spruko.com/dashfox/ltr/assets/plugins/flag-icon-css/flags/1x1/nc.svg]
[laravel.spruko.com/dashfox/ltr/assets/plugins/flag-icon-css/flags/4x3/ne.svg]
[laravel.spruko.com/dashfox/ltr/assets/plugins/flag-icon-css/flags/1x1/ne.svg]
[laravel.spruko.com/dashfox/ltr/assets/plugins/flag-icon-css/flags/4x3/nf.svg]
[laravel.spruko.com/dashfox/ltr/assets/plugins/flag-icon-css/flags/1x1/nf.svg]
[laravel.spruko.com/dashfox/ltr/assets/plugins/flag-icon-css/flags/4x3/ng.svg]
[laravel.spruko.com/dashfox/ltr/assets/plugins/flag-icon-css/flags/1x1/ng.svg]
[laravel.spruko.com/dashfox/ltr/assets/plugins/flag-icon-css/flags/4x3/ni.svg]
[laravel.spruko.com/dashfox/ltr/assets/plugins/flag-icon-css/flags/1x1/ni.svg]
[laravel.spruko.com/dashfox/ltr/assets/plugins/flag-icon-css/flags/4x3/nl.svg]
[laravel.spruko.com/dashfox/ltr/assets/plugins/flag-icon-css/flags/1x1/nl.svg]
[laravel.spruko.com/dashfox/ltr/assets/plugins/flag-icon-css/flags/4x3/no.svg]
[laravel.spruko.com/dashfox/ltr/assets/plugins/flag-icon-css/flags/1x1/no.svg]
[laravel.spruko.com/dashfox/ltr/assets/plugins/flag-icon-css/flags/4x3/np.svg]
[laravel.spruko.com/dashfox/ltr/assets/plugins/flag-icon-css/flags/1x1/np.svg]
[laravel.spruko.com/dashfox/ltr/assets/plugins/flag-icon-css/flags/4x3/nr.svg]
[laravel.spruko.com/dashfox/ltr/assets/plugins/flag-icon-css/flags/1x1/nr.svg]
[laravel.spruko.com/dashfox/ltr/assets/plugins/flag-icon-css/flags/4x3/nu.svg]
[laravel.spruko.com/dashfox/ltr/assets/plugins/flag-icon-css/flags/1x1/nu.svg]
[laravel.spruko.com/dashfox/ltr/assets/plugins/flag-icon-css/flags/4x3/nz.svg]
[laravel.spruko.com/dashfox/ltr/assets/plugins/flag-icon-css/flags/1x1/nz.svg]
[laravel.spruko.com/dashfox/ltr/assets/plugins/flag-icon-css/flags/4x3/om.svg]
[laravel.spruko.com/dashfox/ltr/assets/plugins/flag-icon-css/flags/1x1/om.svg]
[laravel.spruko.com/dashfox/ltr/assets/plugins/flag-icon-css/flags/4x3/pa.svg]
[laravel.spruko.com/dashfox/ltr/assets/plugins/flag-icon-css/flags/1x1/pa.svg]
[laravel.spruko.com/dashfox/ltr/assets/plugins/flag-icon-css/flags/4x3/pe.svg]
[laravel.spruko.com/dashfox/ltr/assets/plugins/flag-icon-css/flags/1x1/pe.svg]
[laravel.spruko.com/dashfox/ltr/assets/plugins/flag-icon-css/flags/4x3/pf.svg]
[laravel.spruko.com/dashfox/ltr/assets/plugins/flag-icon-css/flags/1x1/pf.svg]
[laravel.spruko.com/dashfox/ltr/assets/plugins/flag-icon-css/flags/4x3/pg.svg]
[laravel.spruko.com/dashfox/ltr/assets/plugins/flag-icon-css/flags/1x1/pg.svg]
[laravel.spruko.com/dashfox/ltr/assets/plugins/flag-icon-css/flags/4x3/ph.svg]
[laravel.spruko.com/dashfox/ltr/assets/plugins/flag-icon-css/flags/1x1/ph.svg]
[laravel.spruko.com/dashfox/ltr/assets/plugins/flag-icon-css/flags/4x3/pk.svg]
[laravel.spruko.com/dashfox/ltr/assets/plugins/flag-icon-css/flags/1x1/pk.svg]
[laravel.spruko.com/dashfox/ltr/assets/plugins/flag-icon-css/flags/4x3/pl.svg]
[laravel.spruko.com/dashfox/ltr/assets/plugins/flag-icon-css/flags/1x1/pl.svg]
[laravel.spruko.com/dashfox/ltr/assets/plugins/flag-icon-css/flags/4x3/pm.svg]
[laravel.spruko.com/dashfox/ltr/assets/plugins/flag-icon-css/flags/1x1/pm.svg]
[laravel.spruko.com/dashfox/ltr/assets/plugins/flag-icon-css/flags/4x3/pn.svg]
[laravel.spruko.com/dashfox/ltr/assets/plugins/flag-icon-css/flags/1x1/pn.svg]
[laravel.spruko.com/dashfox/ltr/assets/plugins/flag-icon-css/flags/4x3/pr.svg]
[laravel.spruko.com/dashfox/ltr/assets/plugins/flag-icon-css/flags/1x1/pr.svg]
[laravel.spruko.com/dashfox/ltr/assets/plugins/flag-icon-css/flags/4x3/ps.svg]
[laravel.spruko.com/dashfox/ltr/assets/plugins/flag-icon-css/flags/1x1/ps.svg]
[laravel.spruko.com/dashfox/ltr/assets/plugins/flag-icon-css/flags/4x3/pt.svg]
[laravel.spruko.com/dashfox/ltr/assets/plugins/flag-icon-css/flags/1x1/pt.svg]
[laravel.spruko.com/dashfox/ltr/assets/plugins/flag-icon-css/flags/4x3/pw.svg]
[laravel.spruko.com/dashfox/ltr/assets/plugins/flag-icon-css/flags/1x1/pw.svg]
[laravel.spruko.com/dashfox/ltr/assets/plugins/flag-icon-css/flags/4x3/py.svg]
[laravel.spruko.com/dashfox/ltr/assets/plugins/flag-icon-css/flags/1x1/py.svg]
[laravel.spruko.com/dashfox/ltr/assets/plugins/flag-icon-css/flags/4x3/qa.svg]
[laravel.spruko.com/dashfox/ltr/assets/plugins/flag-icon-css/flags/1x1/qa.svg]
[laravel.spruko.com/dashfox/ltr/assets/plugins/flag-icon-css/flags/4x3/re.svg]
[laravel.spruko.com/dashfox/ltr/assets/plugins/flag-icon-css/flags/1x1/re.svg]
[laravel.spruko.com/dashfox/ltr/assets/plugins/flag-icon-css/flags/4x3/ro.svg]
[laravel.spruko.com/dashfox/ltr/assets/plugins/flag-icon-css/flags/1x1/ro.svg]
[laravel.spruko.com/dashfox/ltr/assets/plugins/flag-icon-css/flags/4x3/rs.svg]
[laravel.spruko.com/dashfox/ltr/assets/plugins/flag-icon-css/flags/1x1/rs.svg]
[laravel.spruko.com/dashfox/ltr/assets/plugins/flag-icon-css/flags/4x3/ru.svg]
[laravel.spruko.com/dashfox/ltr/assets/plugins/flag-icon-css/flags/1x1/ru.svg]
[laravel.spruko.com/dashfox/ltr/assets/plugins/flag-icon-css/flags/4x3/rw.svg]
[laravel.spruko.com/dashfox/ltr/assets/plugins/flag-icon-css/flags/1x1/rw.svg]
[laravel.spruko.com/dashfox/ltr/assets/plugins/flag-icon-css/flags/4x3/sa.svg]
[laravel.spruko.com/dashfox/ltr/assets/plugins/flag-icon-css/flags/1x1/sa.svg]
[laravel.spruko.com/dashfox/ltr/assets/plugins/flag-icon-css/flags/4x3/sb.svg]
[laravel.spruko.com/dashfox/ltr/assets/plugins/flag-icon-css/flags/1x1/sb.svg]
[laravel.spruko.com/dashfox/ltr/assets/plugins/flag-icon-css/flags/4x3/sc.svg]
[laravel.spruko.com/dashfox/ltr/assets/plugins/flag-icon-css/flags/1x1/sc.svg]
[laravel.spruko.com/dashfox/ltr/assets/plugins/flag-icon-css/flags/4x3/sd.svg]
[laravel.spruko.com/dashfox/ltr/assets/plugins/flag-icon-css/flags/1x1/sd.svg]
[laravel.spruko.com/dashfox/ltr/assets/plugins/flag-icon-css/flags/4x3/se.svg]
[laravel.spruko.com/dashfox/ltr/assets/plugins/flag-icon-css/flags/1x1/se.svg]
[laravel.spruko.com/dashfox/ltr/assets/plugins/flag-icon-css/flags/4x3/sg.svg]
[laravel.spruko.com/dashfox/ltr/assets/plugins/flag-icon-css/flags/1x1/sg.svg]
[laravel.spruko.com/dashfox/ltr/assets/plugins/flag-icon-css/flags/4x3/sh.svg]
[laravel.spruko.com/dashfox/ltr/assets/plugins/flag-icon-css/flags/1x1/sh.svg]
[laravel.spruko.com/dashfox/ltr/assets/plugins/flag-icon-css/flags/4x3/si.svg]
[laravel.spruko.com/dashfox/ltr/assets/plugins/flag-icon-css/flags/1x1/si.svg]
[laravel.spruko.com/dashfox/ltr/assets/plugins/flag-icon-css/flags/4x3/sj.svg]
[laravel.spruko.com/dashfox/ltr/assets/plugins/flag-icon-css/flags/1x1/sj.svg]
[laravel.spruko.com/dashfox/ltr/assets/plugins/flag-icon-css/flags/4x3/sk.svg]
[laravel.spruko.com/dashfox/ltr/assets/plugins/flag-icon-css/flags/1x1/sk.svg]
[laravel.spruko.com/dashfox/ltr/assets/plugins/flag-icon-css/flags/4x3/sl.svg]
[laravel.spruko.com/dashfox/ltr/assets/plugins/flag-icon-css/flags/1x1/sl.svg]
[laravel.spruko.com/dashfox/ltr/assets/plugins/flag-icon-css/flags/4x3/sm.svg]
[laravel.spruko.com/dashfox/ltr/assets/plugins/flag-icon-css/flags/1x1/sm.svg]
[laravel.spruko.com/dashfox/ltr/assets/plugins/flag-icon-css/flags/4x3/sn.svg]
[laravel.spruko.com/dashfox/ltr/assets/plugins/flag-icon-css/flags/1x1/sn.svg]
[laravel.spruko.com/dashfox/ltr/assets/plugins/flag-icon-css/flags/4x3/so.svg]
[laravel.spruko.com/dashfox/ltr/assets/plugins/flag-icon-css/flags/1x1/so.svg]
[laravel.spruko.com/dashfox/ltr/assets/plugins/flag-icon-css/flags/4x3/sr.svg]
[laravel.spruko.com/dashfox/ltr/assets/plugins/flag-icon-css/flags/1x1/sr.svg]
[laravel.spruko.com/dashfox/ltr/assets/plugins/flag-icon-css/flags/4x3/ss.svg]
[laravel.spruko.com/dashfox/ltr/assets/plugins/flag-icon-css/flags/1x1/ss.svg]
[laravel.spruko.com/dashfox/ltr/assets/plugins/flag-icon-css/flags/4x3/st.svg]
[laravel.spruko.com/dashfox/ltr/assets/plugins/flag-icon-css/flags/1x1/st.svg]
[laravel.spruko.com/dashfox/ltr/assets/plugins/flag-icon-css/flags/4x3/sv.svg]
[laravel.spruko.com/dashfox/ltr/assets/plugins/flag-icon-css/flags/1x1/sv.svg]
[laravel.spruko.com/dashfox/ltr/assets/plugins/flag-icon-css/flags/4x3/sx.svg]
[laravel.spruko.com/dashfox/ltr/assets/plugins/flag-icon-css/flags/1x1/sx.svg]
[laravel.spruko.com/dashfox/ltr/assets/plugins/flag-icon-css/flags/4x3/sy.svg]
[laravel.spruko.com/dashfox/ltr/assets/plugins/flag-icon-css/flags/1x1/sy.svg]
[laravel.spruko.com/dashfox/ltr/assets/plugins/flag-icon-css/flags/4x3/sz.svg]
[laravel.spruko.com/dashfox/ltr/assets/plugins/flag-icon-css/flags/1x1/sz.svg]
[laravel.spruko.com/dashfox/ltr/assets/plugins/flag-icon-css/flags/4x3/tc.svg]
[laravel.spruko.com/dashfox/ltr/assets/plugins/flag-icon-css/flags/1x1/tc.svg]
[laravel.spruko.com/dashfox/ltr/assets/plugins/flag-icon-css/flags/4x3/td.svg]
[laravel.spruko.com/dashfox/ltr/assets/plugins/flag-icon-css/flags/1x1/td.svg]
[laravel.spruko.com/dashfox/ltr/assets/plugins/flag-icon-css/flags/4x3/tf.svg]
[laravel.spruko.com/dashfox/ltr/assets/plugins/flag-icon-css/flags/1x1/tf.svg]
[laravel.spruko.com/dashfox/ltr/assets/plugins/flag-icon-css/flags/4x3/tg.svg]
[laravel.spruko.com/dashfox/ltr/assets/plugins/flag-icon-css/flags/1x1/tg.svg]
[laravel.spruko.com/dashfox/ltr/assets/plugins/flag-icon-css/flags/4x3/th.svg]
[laravel.spruko.com/dashfox/ltr/assets/plugins/flag-icon-css/flags/1x1/th.svg]
[laravel.spruko.com/dashfox/ltr/assets/plugins/flag-icon-css/flags/4x3/tj.svg]
[laravel.spruko.com/dashfox/ltr/assets/plugins/flag-icon-css/flags/1x1/tj.svg]
[laravel.spruko.com/dashfox/ltr/assets/plugins/flag-icon-css/flags/4x3/tk.svg]
[laravel.spruko.com/dashfox/ltr/assets/plugins/flag-icon-css/flags/1x1/tk.svg]
[laravel.spruko.com/dashfox/ltr/assets/plugins/flag-icon-css/flags/4x3/tl.svg]
[laravel.spruko.com/dashfox/ltr/assets/plugins/flag-icon-css/flags/1x1/tl.svg]
[laravel.spruko.com/dashfox/ltr/assets/plugins/flag-icon-css/flags/4x3/tm.svg]
[laravel.spruko.com/dashfox/ltr/assets/plugins/flag-icon-css/flags/1x1/tm.svg]
[laravel.spruko.com/dashfox/ltr/assets/plugins/flag-icon-css/flags/4x3/tn.svg]
[laravel.spruko.com/dashfox/ltr/assets/plugins/flag-icon-css/flags/1x1/tn.svg]
[laravel.spruko.com/dashfox/ltr/assets/plugins/flag-icon-css/flags/4x3/to.svg]
[laravel.spruko.com/dashfox/ltr/assets/plugins/flag-icon-css/flags/1x1/to.svg]
[laravel.spruko.com/dashfox/ltr/assets/plugins/flag-icon-css/flags/4x3/tr.svg]
[laravel.spruko.com/dashfox/ltr/assets/plugins/flag-icon-css/flags/1x1/tr.svg]
[laravel.spruko.com/dashfox/ltr/assets/plugins/flag-icon-css/flags/4x3/tt.svg]
[laravel.spruko.com/dashfox/ltr/assets/plugins/flag-icon-css/flags/1x1/tt.svg]
[laravel.spruko.com/dashfox/ltr/assets/plugins/flag-icon-css/flags/4x3/tv.svg]
[laravel.spruko.com/dashfox/ltr/assets/plugins/flag-icon-css/flags/1x1/tv.svg]
[laravel.spruko.com/dashfox/ltr/assets/plugins/flag-icon-css/flags/4x3/tw.svg]
[laravel.spruko.com/dashfox/ltr/assets/plugins/flag-icon-css/flags/1x1/tw.svg]
[laravel.spruko.com/dashfox/ltr/assets/plugins/flag-icon-css/flags/4x3/tz.svg]
[laravel.spruko.com/dashfox/ltr/assets/plugins/flag-icon-css/flags/1x1/tz.svg]
[laravel.spruko.com/dashfox/ltr/assets/plugins/flag-icon-css/flags/4x3/ua.svg]
[laravel.spruko.com/dashfox/ltr/assets/plugins/flag-icon-css/flags/1x1/ua.svg]
[laravel.spruko.com/dashfox/ltr/assets/plugins/flag-icon-css/flags/4x3/ug.svg]
[laravel.spruko.com/dashfox/ltr/assets/plugins/flag-icon-css/flags/1x1/ug.svg]
[laravel.spruko.com/dashfox/ltr/assets/plugins/flag-icon-css/flags/4x3/um.svg]
[laravel.spruko.com/dashfox/ltr/assets/plugins/flag-icon-css/flags/1x1/um.svg]
[laravel.spruko.com/dashfox/ltr/assets/plugins/flag-icon-css/flags/4x3/us.svg]
[laravel.spruko.com/dashfox/ltr/assets/plugins/flag-icon-css/flags/1x1/us.svg]
[laravel.spruko.com/dashfox/ltr/assets/plugins/flag-icon-css/flags/4x3/uy.svg]
[laravel.spruko.com/dashfox/ltr/assets/plugins/flag-icon-css/flags/1x1/uy.svg]
[laravel.spruko.com/dashfox/ltr/assets/plugins/flag-icon-css/flags/4x3/uz.svg]
[laravel.spruko.com/dashfox/ltr/assets/plugins/flag-icon-css/flags/1x1/uz.svg]
[laravel.spruko.com/dashfox/ltr/assets/plugins/flag-icon-css/flags/4x3/va.svg]
[laravel.spruko.com/dashfox/ltr/assets/plugins/flag-icon-css/flags/1x1/va.svg]
[laravel.spruko.com/dashfox/ltr/assets/plugins/flag-icon-css/flags/4x3/vc.svg]
[laravel.spruko.com/dashfox/ltr/assets/plugins/flag-icon-css/flags/1x1/vc.svg]
[laravel.spruko.com/dashfox/ltr/assets/plugins/flag-icon-css/flags/4x3/ve.svg]
[laravel.spruko.com/dashfox/ltr/assets/plugins/flag-icon-css/flags/1x1/ve.svg]
[laravel.spruko.com/dashfox/ltr/assets/plugins/flag-icon-css/flags/4x3/vg.svg]
[laravel.spruko.com/dashfox/ltr/assets/plugins/flag-icon-css/flags/1x1/vg.svg]
[laravel.spruko.com/dashfox/ltr/assets/plugins/flag-icon-css/flags/4x3/vi.svg]
[laravel.spruko.com/dashfox/ltr/assets/plugins/flag-icon-css/flags/1x1/vi.svg]
[laravel.spruko.com/dashfox/ltr/assets/plugins/flag-icon-css/flags/4x3/vn.svg]
[laravel.spruko.com/dashfox/ltr/assets/plugins/flag-icon-css/flags/1x1/vn.svg]
[laravel.spruko.com/dashfox/ltr/assets/plugins/flag-icon-css/flags/4x3/vu.svg]
[laravel.spruko.com/dashfox/ltr/assets/plugins/flag-icon-css/flags/1x1/vu.svg]
[laravel.spruko.com/dashfox/ltr/assets/plugins/flag-icon-css/flags/4x3/wf.svg]
[laravel.spruko.com/dashfox/ltr/assets/plugins/flag-icon-css/flags/1x1/wf.svg]
[laravel.spruko.com/dashfox/ltr/assets/plugins/flag-icon-css/flags/4x3/ws.svg]
[laravel.spruko.com/dashfox/ltr/assets/plugins/flag-icon-css/flags/1x1/ws.svg]
[laravel.spruko.com/dashfox/ltr/assets/plugins/flag-icon-css/flags/4x3/ye.svg]
[laravel.spruko.com/dashfox/ltr/assets/plugins/flag-icon-css/flags/1x1/ye.svg]
[laravel.spruko.com/dashfox/ltr/assets/plugins/flag-icon-css/flags/4x3/yt.svg]
[laravel.spruko.com/dashfox/ltr/assets/plugins/flag-icon-css/flags/1x1/yt.svg]
[laravel.spruko.com/dashfox/ltr/assets/plugins/flag-icon-css/flags/4x3/za.svg]
[laravel.spruko.com/dashfox/ltr/assets/plugins/flag-icon-css/flags/1x1/za.svg]
[laravel.spruko.com/dashfox/ltr/assets/plugins/flag-icon-css/flags/4x3/zm.svg]
[laravel.spruko.com/dashfox/ltr/assets/plugins/flag-icon-css/flags/1x1/zm.svg]
[laravel.spruko.com/dashfox/ltr/assets/plugins/flag-icon-css/flags/4x3/zw.svg]
[laravel.spruko.com/dashfox/ltr/assets/plugins/flag-icon-css/flags/1x1/zw.svg]
[laravel.spruko.com/dashfox/ltr/assets/plugins/flag-icon-css/flags/4x3/es-ct.svg]
[laravel.spruko.com/dashfox/ltr/assets/plugins/flag-icon-css/flags/1x1/es-ct.svg]
[laravel.spruko.com/dashfox/ltr/assets/plugins/flag-icon-css/flags/4x3/eu.svg]
[laravel.spruko.com/dashfox/ltr/assets/plugins/flag-icon-css/flags/1x1/eu.svg]
[laravel.spruko.com/dashfox/ltr/assets/plugins/flag-icon-css/flags/4x3/gb-eng.svg]
[laravel.spruko.com/dashfox/ltr/assets/plugins/flag-icon-css/flags/1x1/gb-eng.svg]
[laravel.spruko.com/dashfox/ltr/assets/plugins/flag-icon-css/flags/4x3/gb-nir.svg]
[laravel.spruko.com/dashfox/ltr/assets/plugins/flag-icon-css/flags/1x1/gb-nir.svg]
[laravel.spruko.com/dashfox/ltr/assets/plugins/flag-icon-css/flags/4x3/gb-sct.svg]
[laravel.spruko.com/dashfox/ltr/assets/plugins/flag-icon-css/flags/1x1/gb-sct.svg]
[laravel.spruko.com/dashfox/ltr/assets/plugins/flag-icon-css/flags/4x3/gb-wls.svg]
[laravel.spruko.com/dashfox/ltr/assets/plugins/flag-icon-css/flags/1x1/gb-wls.svg]
[laravel.spruko.com/dashfox/ltr/assets/plugins/flag-icon-css/flags/4x3/un.svg]
[laravel.spruko.com/dashfox/ltr/assets/plugins/flag-icon-css/flags/1x1/un.svg]
[laravel.spruko.com/dashfox/ltr/assets/plugins/materialdesignicons/fonts/materialdesignicons/materialdesignicons-webfontdf71.html]
[laravel.spruko.com/dashfox/ltr/assets/plugins/materialdesignicons/fonts/materialdesignicons/materialdesignicons-webfontdf71-2.html]
[laravel.spruko.com/dashfox/ltr/assets/plugins/materialdesignicons/fonts/materialdesignicons/materialdesignicons-webfontdf71-3.html]
[laravel.spruko.com/dashfox/ltr/assets/plugins/themify/fonts/themify9f24.svg]
[laravel.spruko.com/dashfox/ltr/assets/plugins/cryptofont/fonts/cryptofont-webfont.svg]
[laravel.spruko.com/dashfox/ltr/assets/plugins/line-awesome/fonts/la-brands-400.svg]
[laravel.spruko.com/dashfox/ltr/assets/plugins/line-awesome/fonts/la-regular-400.svg]
[laravel.spruko.com/dashfox/ltr/assets/plugins/line-awesome/fonts/la-solid-900.svg]
[laravel.spruko.com/dashfox/ltr/assets/plugins/simple-line-icons/fonts/Simple-Line-Iconsb26c.svg]
[laravel.spruko.com/dashfox/ltr/assets/plugins/simple-line-icons/fonts/simple-line-icons/Simple-Line-Iconsb26c.html]
[laravel.spruko.com/dashfox/ltr/assets/plugins/simple-line-icons/fonts/simple-line-icons/Simple-Line-Iconsb26c-2.html]
